Archive member included to satisfy reference by file (symbol)

c:/program files (x86)/atmel/studio/7.0/toolchain/avr8/avr8-gnu-toolchain/bin/../lib/gcc/avr/5.4.0/../../../../avr/lib/avr5\libm.a(addsf3.o)
                              mcal/Timers/Timer_0.o (__subsf3)
c:/program files (x86)/atmel/studio/7.0/toolchain/avr8/avr8-gnu-toolchain/bin/../lib/gcc/avr/5.4.0/../../../../avr/lib/avr5\libm.a(addsf3x.o)
                              c:/program files (x86)/atmel/studio/7.0/toolchain/avr8/avr8-gnu-toolchain/bin/../lib/gcc/avr/5.4.0/../../../../avr/lib/avr5\libm.a(addsf3.o) (__addsf3x)
c:/program files (x86)/atmel/studio/7.0/toolchain/avr8/avr8-gnu-toolchain/bin/../lib/gcc/avr/5.4.0/../../../../avr/lib/avr5\libm.a(cmpsf2.o)
                              mcal/Timers/Timer_0.o (__eqsf2)
c:/program files (x86)/atmel/studio/7.0/toolchain/avr8/avr8-gnu-toolchain/bin/../lib/gcc/avr/5.4.0/../../../../avr/lib/avr5\libm.a(divsf3.o)
                              mcal/Timers/Timer_1.o (__divsf3)
c:/program files (x86)/atmel/studio/7.0/toolchain/avr8/avr8-gnu-toolchain/bin/../lib/gcc/avr/5.4.0/../../../../avr/lib/avr5\libm.a(divsf3x.o)
                              c:/program files (x86)/atmel/studio/7.0/toolchain/avr8/avr8-gnu-toolchain/bin/../lib/gcc/avr/5.4.0/../../../../avr/lib/avr5\libm.a(divsf3.o) (__divsf3x)
c:/program files (x86)/atmel/studio/7.0/toolchain/avr8/avr8-gnu-toolchain/bin/../lib/gcc/avr/5.4.0/../../../../avr/lib/avr5\libm.a(fixunssfsi.o)
                              mcal/Timers/Timer_0.o (__fixunssfsi)
c:/program files (x86)/atmel/studio/7.0/toolchain/avr8/avr8-gnu-toolchain/bin/../lib/gcc/avr/5.4.0/../../../../avr/lib/avr5\libm.a(floatsisf.o)
                              mcal/Timers/Timer_0.o (__floatunsisf)
c:/program files (x86)/atmel/studio/7.0/toolchain/avr8/avr8-gnu-toolchain/bin/../lib/gcc/avr/5.4.0/../../../../avr/lib/avr5\libm.a(fp_cmp.o)
                              c:/program files (x86)/atmel/studio/7.0/toolchain/avr8/avr8-gnu-toolchain/bin/../lib/gcc/avr/5.4.0/../../../../avr/lib/avr5\libm.a(cmpsf2.o) (__fp_cmp)
c:/program files (x86)/atmel/studio/7.0/toolchain/avr8/avr8-gnu-toolchain/bin/../lib/gcc/avr/5.4.0/../../../../avr/lib/avr5\libm.a(fp_inf.o)
                              c:/program files (x86)/atmel/studio/7.0/toolchain/avr8/avr8-gnu-toolchain/bin/../lib/gcc/avr/5.4.0/../../../../avr/lib/avr5\libm.a(addsf3x.o) (__fp_inf)
c:/program files (x86)/atmel/studio/7.0/toolchain/avr8/avr8-gnu-toolchain/bin/../lib/gcc/avr/5.4.0/../../../../avr/lib/avr5\libm.a(fp_nan.o)
                              c:/program files (x86)/atmel/studio/7.0/toolchain/avr8/avr8-gnu-toolchain/bin/../lib/gcc/avr/5.4.0/../../../../avr/lib/avr5\libm.a(addsf3x.o) (__fp_nan)
c:/program files (x86)/atmel/studio/7.0/toolchain/avr8/avr8-gnu-toolchain/bin/../lib/gcc/avr/5.4.0/../../../../avr/lib/avr5\libm.a(fp_pscA.o)
                              c:/program files (x86)/atmel/studio/7.0/toolchain/avr8/avr8-gnu-toolchain/bin/../lib/gcc/avr/5.4.0/../../../../avr/lib/avr5\libm.a(addsf3x.o) (__fp_pscA)
c:/program files (x86)/atmel/studio/7.0/toolchain/avr8/avr8-gnu-toolchain/bin/../lib/gcc/avr/5.4.0/../../../../avr/lib/avr5\libm.a(fp_pscB.o)
                              c:/program files (x86)/atmel/studio/7.0/toolchain/avr8/avr8-gnu-toolchain/bin/../lib/gcc/avr/5.4.0/../../../../avr/lib/avr5\libm.a(addsf3x.o) (__fp_pscB)
c:/program files (x86)/atmel/studio/7.0/toolchain/avr8/avr8-gnu-toolchain/bin/../lib/gcc/avr/5.4.0/../../../../avr/lib/avr5\libm.a(fp_round.o)
                              c:/program files (x86)/atmel/studio/7.0/toolchain/avr8/avr8-gnu-toolchain/bin/../lib/gcc/avr/5.4.0/../../../../avr/lib/avr5\libm.a(addsf3.o) (__fp_round)
c:/program files (x86)/atmel/studio/7.0/toolchain/avr8/avr8-gnu-toolchain/bin/../lib/gcc/avr/5.4.0/../../../../avr/lib/avr5\libm.a(fp_split3.o)
                              c:/program files (x86)/atmel/studio/7.0/toolchain/avr8/avr8-gnu-toolchain/bin/../lib/gcc/avr/5.4.0/../../../../avr/lib/avr5\libm.a(addsf3x.o) (__fp_split3)
c:/program files (x86)/atmel/studio/7.0/toolchain/avr8/avr8-gnu-toolchain/bin/../lib/gcc/avr/5.4.0/../../../../avr/lib/avr5\libm.a(fp_zero.o)
                              c:/program files (x86)/atmel/studio/7.0/toolchain/avr8/avr8-gnu-toolchain/bin/../lib/gcc/avr/5.4.0/../../../../avr/lib/avr5\libm.a(addsf3x.o) (__fp_zero)
c:/program files (x86)/atmel/studio/7.0/toolchain/avr8/avr8-gnu-toolchain/bin/../lib/gcc/avr/5.4.0/../../../../avr/lib/avr5\libm.a(gesf2.o)
                              mcal/Timers/Timer_1.o (__gtsf2)
c:/program files (x86)/atmel/studio/7.0/toolchain/avr8/avr8-gnu-toolchain/bin/../lib/gcc/avr/5.4.0/../../../../avr/lib/avr5\libm.a(mulsf3.o)
                              mcal/Timers/Timer_0.o (__mulsf3)
c:/program files (x86)/atmel/studio/7.0/toolchain/avr8/avr8-gnu-toolchain/bin/../lib/gcc/avr/5.4.0/../../../../avr/lib/avr5\libm.a(mulsf3x.o)
                              c:/program files (x86)/atmel/studio/7.0/toolchain/avr8/avr8-gnu-toolchain/bin/../lib/gcc/avr/5.4.0/../../../../avr/lib/avr5\libm.a(mulsf3.o) (__mulsf3x)
c:/program files (x86)/atmel/studio/7.0/toolchain/avr8/avr8-gnu-toolchain/bin/../lib/gcc/avr/5.4.0/avr5\libgcc.a(_divmodhi4.o)
                              mcal/Timers/Timer_0.o (__divmodhi4)
c:/program files (x86)/atmel/studio/7.0/toolchain/avr8/avr8-gnu-toolchain/bin/../lib/gcc/avr/5.4.0/avr5\libgcc.a(_exit.o)
                              C:/Program Files (x86)/Atmel/Studio/7.0/Packs/atmel/ATmega_DFP/1.6.364/gcc/dev/atmega32a/avr5/crtatmega32a.o (exit)
c:/program files (x86)/atmel/studio/7.0/toolchain/avr8/avr8-gnu-toolchain/bin/../lib/gcc/avr/5.4.0/avr5\libgcc.a(_copy_data.o)
                              application.o (__do_copy_data)
c:/program files (x86)/atmel/studio/7.0/toolchain/avr8/avr8-gnu-toolchain/bin/../lib/gcc/avr/5.4.0/avr5\libgcc.a(_clear_bss.o)
                              application.o (__do_clear_bss)
c:/program files (x86)/atmel/studio/7.0/toolchain/avr8/avr8-gnu-toolchain/bin/../lib/gcc/avr/5.4.0/avr5\libgcc.a(_umulhisi3.o)
                              mcal/Timers/Timer_1.o (__umulhisi3)
c:/program files (x86)/atmel/studio/7.0/toolchain/avr8/avr8-gnu-toolchain/bin/../lib/gcc/avr/5.4.0/avr5\libgcc.a(_udivmodhi4.o)
                              c:/program files (x86)/atmel/studio/7.0/toolchain/avr8/avr8-gnu-toolchain/bin/../lib/gcc/avr/5.4.0/avr5\libgcc.a(_divmodhi4.o) (__udivmodhi4)
c:/program files (x86)/atmel/studio/7.0/toolchain/avr8/avr8-gnu-toolchain/bin/../lib/gcc/avr/5.4.0/../../../../avr/lib/avr5\libc.a(sprintf.o)
                              hal/char_lcd/hal_char_lcd.o (sprintf)
c:/program files (x86)/atmel/studio/7.0/toolchain/avr8/avr8-gnu-toolchain/bin/../lib/gcc/avr/5.4.0/../../../../avr/lib/avr5\libc.a(vfprintf_std.o)
                              c:/program files (x86)/atmel/studio/7.0/toolchain/avr8/avr8-gnu-toolchain/bin/../lib/gcc/avr/5.4.0/../../../../avr/lib/avr5\libc.a(sprintf.o) (vfprintf)
c:/program files (x86)/atmel/studio/7.0/toolchain/avr8/avr8-gnu-toolchain/bin/../lib/gcc/avr/5.4.0/../../../../avr/lib/avr5\libc.a(strnlen_P.o)
                              c:/program files (x86)/atmel/studio/7.0/toolchain/avr8/avr8-gnu-toolchain/bin/../lib/gcc/avr/5.4.0/../../../../avr/lib/avr5\libc.a(vfprintf_std.o) (strnlen_P)
c:/program files (x86)/atmel/studio/7.0/toolchain/avr8/avr8-gnu-toolchain/bin/../lib/gcc/avr/5.4.0/../../../../avr/lib/avr5\libc.a(strnlen.o)
                              c:/program files (x86)/atmel/studio/7.0/toolchain/avr8/avr8-gnu-toolchain/bin/../lib/gcc/avr/5.4.0/../../../../avr/lib/avr5\libc.a(vfprintf_std.o) (strnlen)
c:/program files (x86)/atmel/studio/7.0/toolchain/avr8/avr8-gnu-toolchain/bin/../lib/gcc/avr/5.4.0/../../../../avr/lib/avr5\libc.a(fputc.o)
                              c:/program files (x86)/atmel/studio/7.0/toolchain/avr8/avr8-gnu-toolchain/bin/../lib/gcc/avr/5.4.0/../../../../avr/lib/avr5\libc.a(vfprintf_std.o) (fputc)
c:/program files (x86)/atmel/studio/7.0/toolchain/avr8/avr8-gnu-toolchain/bin/../lib/gcc/avr/5.4.0/../../../../avr/lib/avr5\libc.a(ultoa_invert.o)
                              c:/program files (x86)/atmel/studio/7.0/toolchain/avr8/avr8-gnu-toolchain/bin/../lib/gcc/avr/5.4.0/../../../../avr/lib/avr5\libc.a(vfprintf_std.o) (__ultoa_invert)
c:/program files (x86)/atmel/studio/7.0/toolchain/avr8/avr8-gnu-toolchain/bin/../lib/gcc/avr/5.4.0/avr5\libgcc.a(_prologue.o)
                              c:/program files (x86)/atmel/studio/7.0/toolchain/avr8/avr8-gnu-toolchain/bin/../lib/gcc/avr/5.4.0/../../../../avr/lib/avr5\libc.a(sprintf.o) (__prologue_saves__)
c:/program files (x86)/atmel/studio/7.0/toolchain/avr8/avr8-gnu-toolchain/bin/../lib/gcc/avr/5.4.0/avr5\libgcc.a(_epilogue.o)
                              c:/program files (x86)/atmel/studio/7.0/toolchain/avr8/avr8-gnu-toolchain/bin/../lib/gcc/avr/5.4.0/../../../../avr/lib/avr5\libc.a(sprintf.o) (__epilogue_restores__)

Allocating common symbols
Common symbol       size              file

freq_measure_str    0x2               application.o
Tasks               0x12              Services_RTOS/RTO_program.o

Discarded input sections

 .data          0x00000000        0x0 C:/Program Files (x86)/Atmel/Studio/7.0/Packs/atmel/ATmega_DFP/1.6.364/gcc/dev/atmega32a/avr5/crtatmega32a.o
 .bss           0x00000000        0x0 C:/Program Files (x86)/Atmel/Studio/7.0/Packs/atmel/ATmega_DFP/1.6.364/gcc/dev/atmega32a/avr5/crtatmega32a.o
 .text          0x00000000        0x0 application.o
 .data          0x00000000        0x0 application.o
 .bss           0x00000000        0x0 application.o
 .text          0x00000000        0x0 device_config.o
 .data          0x00000000        0x0 device_config.o
 .bss           0x00000000        0x0 device_config.o
 .debug_info    0x00000000       0x79 device_config.o
 .debug_abbrev  0x00000000       0x26 device_config.o
 .debug_aranges
                0x00000000       0x18 device_config.o
 .debug_line    0x00000000       0x1a device_config.o
 .debug_str     0x00000000      0x1ad device_config.o
 .comment       0x00000000       0x31 device_config.o
 .text          0x00000000        0x0 hal/7_Segmant/hal_7_Segment.o
 .data          0x00000000        0x0 hal/7_Segmant/hal_7_Segment.o
 .bss           0x00000000        0x0 hal/7_Segmant/hal_7_Segment.o
 .text.seven_segment_direct_connection_initialize
                0x00000000       0x1c hal/7_Segmant/hal_7_Segment.o
 .text.seven_segment_direct_connection_write_number
                0x00000000       0x30 hal/7_Segmant/hal_7_Segment.o
 .rodata.common_cathode_values
                0x00000000        0xa hal/7_Segmant/hal_7_Segment.o
 .rodata.common_anode_values
                0x00000000        0xa hal/7_Segmant/hal_7_Segment.o
 .debug_info    0x00000000      0x21a hal/7_Segmant/hal_7_Segment.o
 .debug_abbrev  0x00000000      0x122 hal/7_Segmant/hal_7_Segment.o
 .debug_loc     0x00000000      0x103 hal/7_Segmant/hal_7_Segment.o
 .debug_aranges
                0x00000000       0x28 hal/7_Segmant/hal_7_Segment.o
 .debug_ranges  0x00000000       0x18 hal/7_Segmant/hal_7_Segment.o
 .debug_line    0x00000000       0xfe hal/7_Segmant/hal_7_Segment.o
 .debug_str     0x00000000      0x300 hal/7_Segmant/hal_7_Segment.o
 .comment       0x00000000       0x31 hal/7_Segmant/hal_7_Segment.o
 .debug_frame   0x00000000       0x40 hal/7_Segmant/hal_7_Segment.o
 .text          0x00000000        0x0 hal/button/hal_button.o
 .data          0x00000000        0x0 hal/button/hal_button.o
 .bss           0x00000000        0x0 hal/button/hal_button.o
 .text.button_get_status
                0x00000000       0x4e hal/button/hal_button.o
 .text          0x00000000        0x0 hal/char_lcd/hal_char_lcd.o
 .data          0x00000000        0x0 hal/char_lcd/hal_char_lcd.o
 .bss           0x00000000        0x0 hal/char_lcd/hal_char_lcd.o
 .text.lcd_clear_display
                0x00000000       0x12 hal/char_lcd/hal_char_lcd.o
 .text.lcd_send_char_data_pos
                0x00000000       0x40 hal/char_lcd/hal_char_lcd.o
 .text.lcd_send_string_data_current_pos
                0x00000000       0x3a hal/char_lcd/hal_char_lcd.o
 .text.lcd_send_custome_char
                0x00000000       0x6e hal/char_lcd/hal_char_lcd.o
 .text.byte_to_string
                0x00000000       0x22 hal/char_lcd/hal_char_lcd.o
 .text.short_to_string
                0x00000000       0x22 hal/char_lcd/hal_char_lcd.o
 .text          0x00000000        0x0 hal/dc_motor/hal_dc_motor.o
 .data          0x00000000        0x0 hal/dc_motor/hal_dc_motor.o
 .bss           0x00000000        0x0 hal/dc_motor/hal_dc_motor.o
 .text.dc_motor_initialize
                0x00000000       0x22 hal/dc_motor/hal_dc_motor.o
 .text.dc_motor_rotate_right
                0x00000000       0x22 hal/dc_motor/hal_dc_motor.o
 .text.dc_motor_rotate_left
                0x00000000       0x22 hal/dc_motor/hal_dc_motor.o
 .text.dc_motor_stop
                0x00000000       0x22 hal/dc_motor/hal_dc_motor.o
 .debug_info    0x00000000      0x388 hal/dc_motor/hal_dc_motor.o
 .debug_abbrev  0x00000000      0x110 hal/dc_motor/hal_dc_motor.o
 .debug_loc     0x00000000      0x284 hal/dc_motor/hal_dc_motor.o
 .debug_aranges
                0x00000000       0x38 hal/dc_motor/hal_dc_motor.o
 .debug_ranges  0x00000000       0x28 hal/dc_motor/hal_dc_motor.o
 .debug_line    0x00000000      0x1bd hal/dc_motor/hal_dc_motor.o
 .debug_str     0x00000000      0x316 hal/dc_motor/hal_dc_motor.o
 .comment       0x00000000       0x31 hal/dc_motor/hal_dc_motor.o
 .debug_frame   0x00000000       0x84 hal/dc_motor/hal_dc_motor.o
 .text          0x00000000        0x0 hal/EEPROM/EXT_EEPROM.o
 .data          0x00000000        0x0 hal/EEPROM/EXT_EEPROM.o
 .bss           0x00000000        0x0 hal/EEPROM/EXT_EEPROM.o
 .text.EEPROM_Init
                0x00000000        0x6 hal/EEPROM/EXT_EEPROM.o
 .text.EEPROM_WriteByte
                0x00000000        0xe hal/EEPROM/EXT_EEPROM.o
 .text.EEPROM_ReadByte
                0x00000000        0xe hal/EEPROM/EXT_EEPROM.o
 .debug_info    0x00000000      0x195 hal/EEPROM/EXT_EEPROM.o
 .debug_abbrev  0x00000000       0xb9 hal/EEPROM/EXT_EEPROM.o
 .debug_loc     0x00000000       0x93 hal/EEPROM/EXT_EEPROM.o
 .debug_aranges
                0x00000000       0x30 hal/EEPROM/EXT_EEPROM.o
 .debug_ranges  0x00000000       0x20 hal/EEPROM/EXT_EEPROM.o
 .debug_line    0x00000000       0xee hal/EEPROM/EXT_EEPROM.o
 .debug_str     0x00000000      0x23e hal/EEPROM/EXT_EEPROM.o
 .comment       0x00000000       0x31 hal/EEPROM/EXT_EEPROM.o
 .debug_frame   0x00000000       0x44 hal/EEPROM/EXT_EEPROM.o
 .text          0x00000000        0x0 hal/Keybad/hal_keybad.o
 .data          0x00000000        0x0 hal/Keybad/hal_keybad.o
 .bss           0x00000000        0x0 hal/Keybad/hal_keybad.o
 .text.keypad_initialize
                0x00000000       0x74 hal/Keybad/hal_keybad.o
 .text.keypad_read_value
                0x00000000       0xf2 hal/Keybad/hal_keybad.o
 .rodata.btn_values
                0x00000000       0x10 hal/Keybad/hal_keybad.o
 .debug_info    0x00000000      0x390 hal/Keybad/hal_keybad.o
 .debug_abbrev  0x00000000      0x19a hal/Keybad/hal_keybad.o
 .debug_loc     0x00000000      0x2bc hal/Keybad/hal_keybad.o
 .debug_aranges
                0x00000000       0x28 hal/Keybad/hal_keybad.o
 .debug_ranges  0x00000000       0x18 hal/Keybad/hal_keybad.o
 .debug_line    0x00000000      0x28f hal/Keybad/hal_keybad.o
 .debug_str     0x00000000      0x36d hal/Keybad/hal_keybad.o
 .comment       0x00000000       0x31 hal/Keybad/hal_keybad.o
 .debug_frame   0x00000000       0x88 hal/Keybad/hal_keybad.o
 .text          0x00000000        0x0 hal/led/hal_led.o
 .data          0x00000000        0x0 hal/led/hal_led.o
 .bss           0x00000000        0x0 hal/led/hal_led.o
 .text.led_init
                0x00000000       0x54 hal/led/hal_led.o
 .text.led_turn_on
                0x00000000       0x3c hal/led/hal_led.o
 .text.led_turn_off
                0x00000000       0x3c hal/led/hal_led.o
 .text.led_turn_toggle
                0x00000000       0x3a hal/led/hal_led.o
 .debug_info    0x00000000      0x35a hal/led/hal_led.o
 .debug_abbrev  0x00000000      0x122 hal/led/hal_led.o
 .debug_loc     0x00000000      0x247 hal/led/hal_led.o
 .debug_aranges
                0x00000000       0x38 hal/led/hal_led.o
 .debug_ranges  0x00000000       0x28 hal/led/hal_led.o
 .debug_line    0x00000000      0x1b3 hal/led/hal_led.o
 .debug_str     0x00000000      0x35c hal/led/hal_led.o
 .comment       0x00000000       0x31 hal/led/hal_led.o
 .debug_frame   0x00000000       0x60 hal/led/hal_led.o
 .text          0x00000000        0x0 hal/relay/hal_relay.o
 .data          0x00000000        0x0 hal/relay/hal_relay.o
 .bss           0x00000000        0x0 hal/relay/hal_relay.o
 .text.relay_initialize
                0x00000000       0x50 hal/relay/hal_relay.o
 .text.relay_turn_on
                0x00000000       0x3e hal/relay/hal_relay.o
 .text.relay_turn_off
                0x00000000       0x3e hal/relay/hal_relay.o
 .debug_info    0x00000000      0x2ed hal/relay/hal_relay.o
 .debug_abbrev  0x00000000      0x101 hal/relay/hal_relay.o
 .debug_loc     0x00000000      0x243 hal/relay/hal_relay.o
 .debug_aranges
                0x00000000       0x30 hal/relay/hal_relay.o
 .debug_ranges  0x00000000       0x20 hal/relay/hal_relay.o
 .debug_line    0x00000000      0x1b2 hal/relay/hal_relay.o
 .debug_str     0x00000000      0x33d hal/relay/hal_relay.o
 .comment       0x00000000       0x31 hal/relay/hal_relay.o
 .debug_frame   0x00000000       0x68 hal/relay/hal_relay.o
 .text          0x00000000        0x0 mcal/ADC/adc.o
 .data          0x00000000        0x0 mcal/ADC/adc.o
 .bss           0x00000000        0x0 mcal/ADC/adc.o
 .text.adc_init
                0x00000000       0x30 mcal/ADC/adc.o
 .text.adc_start_conversion
                0x00000000       0x14 mcal/ADC/adc.o
 .text.adc_read_value
                0x00000000       0x12 mcal/ADC/adc.o
 .text.ADC_enableInt
                0x00000000        0x8 mcal/ADC/adc.o
 .text.ADC_disableInt
                0x00000000        0x8 mcal/ADC/adc.o
 .text.ADC_setCallBack
                0x00000000        0xa mcal/ADC/adc.o
 .text          0x00000000        0x0 mcal/EXT_Interrupt/EXTI.o
 .data          0x00000000        0x0 mcal/EXT_Interrupt/EXTI.o
 .bss           0x00000000        0x0 mcal/EXT_Interrupt/EXTI.o
 .text.EXTI_initialize
                0x00000000       0x50 mcal/EXT_Interrupt/EXTI.o
 .text.EXTI_enableInt0
                0x00000000        0x8 mcal/EXT_Interrupt/EXTI.o
 .text.EXTI_disableInt0
                0x00000000        0x8 mcal/EXT_Interrupt/EXTI.o
 .text.EXTI_setCallBack
                0x00000000        0xa mcal/EXT_Interrupt/EXTI.o
 .text          0x00000000        0x0 mcal/GIE/GIE.o
 .data          0x00000000        0x0 mcal/GIE/GIE.o
 .bss           0x00000000        0x0 mcal/GIE/GIE.o
 .text.GIE_Enable
                0x00000000        0x8 mcal/GIE/GIE.o
 .text.GIE_Disnable
                0x00000000        0x8 mcal/GIE/GIE.o
 .debug_info    0x00000000       0xbc mcal/GIE/GIE.o
 .debug_abbrev  0x00000000       0x51 mcal/GIE/GIE.o
 .debug_aranges
                0x00000000       0x28 mcal/GIE/GIE.o
 .debug_ranges  0x00000000       0x18 mcal/GIE/GIE.o
 .debug_line    0x00000000       0x87 mcal/GIE/GIE.o
 .debug_str     0x00000000      0x1cd mcal/GIE/GIE.o
 .comment       0x00000000       0x31 mcal/GIE/GIE.o
 .debug_frame   0x00000000       0x34 mcal/GIE/GIE.o
 .text          0x00000000        0x0 mcal/gpio/mcal_gpio.o
 .data          0x00000000        0x0 mcal/gpio/mcal_gpio.o
 .bss           0x00000000        0x0 mcal/gpio/mcal_gpio.o
 .text.gpio_port_direction_initialize
                0x00000000       0x50 mcal/gpio/mcal_gpio.o
 .text.gpio_pin_get_direction_status
                0x00000000       0x46 mcal/gpio/mcal_gpio.o
 .text.gpio_port_get_direction_status
                0x00000000       0x26 mcal/gpio/mcal_gpio.o
 .text.gpio_set_port
                0x00000000        0xc mcal/gpio/mcal_gpio.o
 .text.gpio_clear_port
                0x00000000        0xc mcal/gpio/mcal_gpio.o
 .text.gpio_toggle_pin
                0x00000000       0x3a mcal/gpio/mcal_gpio.o
 .text.gpio_toggle_port
                0x00000000        0xc mcal/gpio/mcal_gpio.o
 .text.gpio_read_pin
                0x00000000       0x46 mcal/gpio/mcal_gpio.o
 .text.gpio_read_port
                0x00000000       0x2e mcal/gpio/mcal_gpio.o
 .text.gpio_write_port
                0x00000000       0x20 mcal/gpio/mcal_gpio.o
 .rodata.pin_register
                0x00000000        0x8 mcal/gpio/mcal_gpio.o
 .text          0x00000000        0x0 mcal/I2C/I2C.o
 .data          0x00000000        0x0 mcal/I2C/I2C.o
 .bss           0x00000000        0x0 mcal/I2C/I2C.o
 .text.MI2C_voidInit
                0x00000000       0x22 mcal/I2C/I2C.o
 .text.MI2C_voidSendStartCondition
                0x00000000       0x18 mcal/I2C/I2C.o
 .text.MI2C_voidSendStopCondition
                0x00000000       0x14 mcal/I2C/I2C.o
 .text.MI2C_u8CheckStatus
                0x00000000       0x16 mcal/I2C/I2C.o
 .text.MI2C_voidSendSlaveAddress
                0x00000000       0x1e mcal/I2C/I2C.o
 .text.MI2C_voidSendByte
                0x00000000       0x16 mcal/I2C/I2C.o
 .text.MI2C_u8ReceiveDataWithNoAck
                0x00000000       0x16 mcal/I2C/I2C.o
 .debug_info    0x00000000      0x17b mcal/I2C/I2C.o
 .debug_abbrev  0x00000000       0xbf mcal/I2C/I2C.o
 .debug_loc     0x00000000       0x88 mcal/I2C/I2C.o
 .debug_aranges
                0x00000000       0x50 mcal/I2C/I2C.o
 .debug_ranges  0x00000000       0x40 mcal/I2C/I2C.o
 .debug_line    0x00000000      0x187 mcal/I2C/I2C.o
 .debug_str     0x00000000      0x298 mcal/I2C/I2C.o
 .comment       0x00000000       0x31 mcal/I2C/I2C.o
 .debug_frame   0x00000000       0x84 mcal/I2C/I2C.o
 .text          0x00000000        0x0 mcal/SPI/SPI.o
 .data          0x00000000        0x0 mcal/SPI/SPI.o
 .bss           0x00000000        0x0 mcal/SPI/SPI.o
 .text.SPI_MasterInit
                0x00000000       0x5c mcal/SPI/SPI.o
 .text.SPI_SlaveInit
                0x00000000       0x5c mcal/SPI/SPI.o
 .text.SPI_SendChar
                0x00000000       0x12 mcal/SPI/SPI.o
 .text.SPI_GetChar
                0x00000000       0x12 mcal/SPI/SPI.o
 .debug_info    0x00000000      0x284 mcal/SPI/SPI.o
 .debug_abbrev  0x00000000       0xca mcal/SPI/SPI.o
 .debug_loc     0x00000000       0x21 mcal/SPI/SPI.o
 .debug_aranges
                0x00000000       0x38 mcal/SPI/SPI.o
 .debug_ranges  0x00000000       0x28 mcal/SPI/SPI.o
 .debug_line    0x00000000      0x188 mcal/SPI/SPI.o
 .debug_str     0x00000000      0x2a7 mcal/SPI/SPI.o
 .comment       0x00000000       0x31 mcal/SPI/SPI.o
 .debug_frame   0x00000000       0x54 mcal/SPI/SPI.o
 .text          0x00000000        0x0 mcal/Timers/Timer_0.o
 .data          0x00000000        0x0 mcal/Timers/Timer_0.o
 .bss           0x00000000        0x0 mcal/Timers/Timer_0.o
 .text.Timer_0_Start
                0x00000000        0x8 mcal/Timers/Timer_0.o
 .text.Timer_0_Stop
                0x00000000       0x14 mcal/Timers/Timer_0.o
 .text.Timer_0_init
                0x00000000       0x1a mcal/Timers/Timer_0.o
 .text.Timer_0_set_time_ms
                0x00000000       0xe2 mcal/Timers/Timer_0.o
 .text.Timer_0_SetOverFlowCallBack
                0x00000000        0xa mcal/Timers/Timer_0.o
 .text.Timer_0_PWM_START
                0x00000000       0x14 mcal/Timers/Timer_0.o
 .text.Timer_0_PWM_STOP
                0x00000000       0x14 mcal/Timers/Timer_0.o
 .text.Timer_0_PWM_init
                0x00000000       0x20 mcal/Timers/Timer_0.o
 .text.Timer_0_PWM_set_duty_cycle
                0x00000000       0x12 mcal/Timers/Timer_0.o
 .text          0x00000000        0x0 mcal/Timers/Timer_1.o
 .data          0x00000000        0x0 mcal/Timers/Timer_1.o
 .bss           0x00000000        0x0 mcal/Timers/Timer_1.o
 .text.Timer_1_start
                0x00000000       0x14 mcal/Timers/Timer_1.o
 .text.Timer_1_stop
                0x00000000       0x14 mcal/Timers/Timer_1.o
 .text.Timer_1_set_delay
                0x00000000      0x1d0 mcal/Timers/Timer_1.o
 .text.Timer_1_set_Overflow_Callback
                0x00000000        0xa mcal/Timers/Timer_1.o
 .text.Timer_1_PWM_init
                0x00000000       0x2c mcal/Timers/Timer_1.o
 .text.Timer_1_PWM_start
                0x00000000       0x14 mcal/Timers/Timer_1.o
 .text.Timer_1_PWM_stop
                0x00000000       0x14 mcal/Timers/Timer_1.o
 .text.Timer_1_PWM_set_Duty_Cycle
                0x00000000       0x12 mcal/Timers/Timer_1.o
 .bss.TCNT_preload_value
                0x00000000        0x2 mcal/Timers/Timer_1.o
 .text          0x00000000        0x0 mcal/Timers/WDT.o
 .data          0x00000000        0x0 mcal/Timers/WDT.o
 .bss           0x00000000        0x0 mcal/Timers/WDT.o
 .text.WDT_INIT
                0x00000000       0x1a mcal/Timers/WDT.o
 .text.WDT_REFRESH
                0x00000000        0x4 mcal/Timers/WDT.o
 .debug_info    0x00000000       0xbc mcal/Timers/WDT.o
 .debug_abbrev  0x00000000       0x51 mcal/Timers/WDT.o
 .debug_aranges
                0x00000000       0x28 mcal/Timers/WDT.o
 .debug_ranges  0x00000000       0x18 mcal/Timers/WDT.o
 .debug_line    0x00000000       0x9f mcal/Timers/WDT.o
 .debug_str     0x00000000      0x1cd mcal/Timers/WDT.o
 .comment       0x00000000       0x31 mcal/Timers/WDT.o
 .debug_frame   0x00000000       0x34 mcal/Timers/WDT.o
 .text          0x00000000        0x0 mcal/UART/uart.o
 .data          0x00000000        0x0 mcal/UART/uart.o
 .bss           0x00000000        0x0 mcal/UART/uart.o
 .text.MUART_voidInitializeUART
                0x00000000       0x58 mcal/UART/uart.o
 .text.MUART_voidSendByteSynch
                0x00000000       0x12 mcal/UART/uart.o
 .text.MUART_voidRecieveByteSynch
                0x00000000       0x12 mcal/UART/uart.o
 .text.MUART_Send_String
                0x00000000       0x26 mcal/UART/uart.o
 .debug_info    0x00000000      0x205 mcal/UART/uart.o
 .debug_abbrev  0x00000000      0x116 mcal/UART/uart.o
 .debug_loc     0x00000000       0x91 mcal/UART/uart.o
 .debug_aranges
                0x00000000       0x38 mcal/UART/uart.o
 .debug_ranges  0x00000000       0x28 mcal/UART/uart.o
 .debug_line    0x00000000      0x162 mcal/UART/uart.o
 .debug_str     0x00000000      0x2dc mcal/UART/uart.o
 .comment       0x00000000       0x31 mcal/UART/uart.o
 .debug_frame   0x00000000       0x64 mcal/UART/uart.o
 .text          0x00000000        0x0 Services_RTOS/RTO_program.o
 .data          0x00000000        0x0 Services_RTOS/RTO_program.o
 .bss           0x00000000        0x0 Services_RTOS/RTO_program.o
 .text.RTO_voidSchedular
                0x00000000       0x76 Services_RTOS/RTO_program.o
 .text.RTO_voidInit
                0x00000000        0xe Services_RTOS/RTO_program.o
 .text.RTO_voidStart
                0x00000000        0xe Services_RTOS/RTO_program.o
 .text.RTO_voidCreate_task
                0x00000000       0x2c Services_RTOS/RTO_program.o
 .debug_info    0x00000000      0x246 Services_RTOS/RTO_program.o
 .debug_abbrev  0x00000000      0x118 Services_RTOS/RTO_program.o
 .debug_loc     0x00000000       0x8f Services_RTOS/RTO_program.o
 .debug_aranges
                0x00000000       0x38 Services_RTOS/RTO_program.o
 .debug_ranges  0x00000000       0x28 Services_RTOS/RTO_program.o
 .debug_line    0x00000000      0x15e Services_RTOS/RTO_program.o
 .debug_str     0x00000000      0x2ee Services_RTOS/RTO_program.o
 .comment       0x00000000       0x31 Services_RTOS/RTO_program.o
 .debug_frame   0x00000000       0x78 Services_RTOS/RTO_program.o
 COMMON         0x00000000       0x12 Services_RTOS/RTO_program.o
 .text          0x00000000        0x0 c:/program files (x86)/atmel/studio/7.0/toolchain/avr8/avr8-gnu-toolchain/bin/../lib/gcc/avr/5.4.0/../../../../avr/lib/avr5\libm.a(addsf3.o)
 .data          0x00000000        0x0 c:/program files (x86)/atmel/studio/7.0/toolchain/avr8/avr8-gnu-toolchain/bin/../lib/gcc/avr/5.4.0/../../../../avr/lib/avr5\libm.a(addsf3.o)
 .bss           0x00000000        0x0 c:/program files (x86)/atmel/studio/7.0/toolchain/avr8/avr8-gnu-toolchain/bin/../lib/gcc/avr/5.4.0/../../../../avr/lib/avr5\libm.a(addsf3.o)
 .text.avr-libc.fplib
                0x00000000        0xe c:/program files (x86)/atmel/studio/7.0/toolchain/avr8/avr8-gnu-toolchain/bin/../lib/gcc/avr/5.4.0/../../../../avr/lib/avr5\libm.a(addsf3.o)
 .text          0x00000000        0x0 c:/program files (x86)/atmel/studio/7.0/toolchain/avr8/avr8-gnu-toolchain/bin/../lib/gcc/avr/5.4.0/../../../../avr/lib/avr5\libm.a(addsf3x.o)
 .data          0x00000000        0x0 c:/program files (x86)/atmel/studio/7.0/toolchain/avr8/avr8-gnu-toolchain/bin/../lib/gcc/avr/5.4.0/../../../../avr/lib/avr5\libm.a(addsf3x.o)
 .bss           0x00000000        0x0 c:/program files (x86)/atmel/studio/7.0/toolchain/avr8/avr8-gnu-toolchain/bin/../lib/gcc/avr/5.4.0/../../../../avr/lib/avr5\libm.a(addsf3x.o)
 .text.avr-libc.fplib
                0x00000000       0xcc c:/program files (x86)/atmel/studio/7.0/toolchain/avr8/avr8-gnu-toolchain/bin/../lib/gcc/avr/5.4.0/../../../../avr/lib/avr5\libm.a(addsf3x.o)
 .text          0x00000000        0x0 c:/program files (x86)/atmel/studio/7.0/toolchain/avr8/avr8-gnu-toolchain/bin/../lib/gcc/avr/5.4.0/../../../../avr/lib/avr5\libm.a(cmpsf2.o)
 .data          0x00000000        0x0 c:/program files (x86)/atmel/studio/7.0/toolchain/avr8/avr8-gnu-toolchain/bin/../lib/gcc/avr/5.4.0/../../../../avr/lib/avr5\libm.a(cmpsf2.o)
 .bss           0x00000000        0x0 c:/program files (x86)/atmel/studio/7.0/toolchain/avr8/avr8-gnu-toolchain/bin/../lib/gcc/avr/5.4.0/../../../../avr/lib/avr5\libm.a(cmpsf2.o)
 .text          0x00000000        0x0 c:/program files (x86)/atmel/studio/7.0/toolchain/avr8/avr8-gnu-toolchain/bin/../lib/gcc/avr/5.4.0/../../../../avr/lib/avr5\libm.a(divsf3.o)
 .data          0x00000000        0x0 c:/program files (x86)/atmel/studio/7.0/toolchain/avr8/avr8-gnu-toolchain/bin/../lib/gcc/avr/5.4.0/../../../../avr/lib/avr5\libm.a(divsf3.o)
 .bss           0x00000000        0x0 c:/program files (x86)/atmel/studio/7.0/toolchain/avr8/avr8-gnu-toolchain/bin/../lib/gcc/avr/5.4.0/../../../../avr/lib/avr5\libm.a(divsf3.o)
 .text          0x00000000        0x0 c:/program files (x86)/atmel/studio/7.0/toolchain/avr8/avr8-gnu-toolchain/bin/../lib/gcc/avr/5.4.0/../../../../avr/lib/avr5\libm.a(divsf3x.o)
 .data          0x00000000        0x0 c:/program files (x86)/atmel/studio/7.0/toolchain/avr8/avr8-gnu-toolchain/bin/../lib/gcc/avr/5.4.0/../../../../avr/lib/avr5\libm.a(divsf3x.o)
 .bss           0x00000000        0x0 c:/program files (x86)/atmel/studio/7.0/toolchain/avr8/avr8-gnu-toolchain/bin/../lib/gcc/avr/5.4.0/../../../../avr/lib/avr5\libm.a(divsf3x.o)
 .text          0x00000000        0x0 c:/program files (x86)/atmel/studio/7.0/toolchain/avr8/avr8-gnu-toolchain/bin/../lib/gcc/avr/5.4.0/../../../../avr/lib/avr5\libm.a(fixunssfsi.o)
 .data          0x00000000        0x0 c:/program files (x86)/atmel/studio/7.0/toolchain/avr8/avr8-gnu-toolchain/bin/../lib/gcc/avr/5.4.0/../../../../avr/lib/avr5\libm.a(fixunssfsi.o)
 .bss           0x00000000        0x0 c:/program files (x86)/atmel/studio/7.0/toolchain/avr8/avr8-gnu-toolchain/bin/../lib/gcc/avr/5.4.0/../../../../avr/lib/avr5\libm.a(fixunssfsi.o)
 .text          0x00000000        0x0 c:/program files (x86)/atmel/studio/7.0/toolchain/avr8/avr8-gnu-toolchain/bin/../lib/gcc/avr/5.4.0/../../../../avr/lib/avr5\libm.a(floatsisf.o)
 .data          0x00000000        0x0 c:/program files (x86)/atmel/studio/7.0/toolchain/avr8/avr8-gnu-toolchain/bin/../lib/gcc/avr/5.4.0/../../../../avr/lib/avr5\libm.a(floatsisf.o)
 .bss           0x00000000        0x0 c:/program files (x86)/atmel/studio/7.0/toolchain/avr8/avr8-gnu-toolchain/bin/../lib/gcc/avr/5.4.0/../../../../avr/lib/avr5\libm.a(floatsisf.o)
 .text          0x00000000        0x0 c:/program files (x86)/atmel/studio/7.0/toolchain/avr8/avr8-gnu-toolchain/bin/../lib/gcc/avr/5.4.0/../../../../avr/lib/avr5\libm.a(fp_cmp.o)
 .data          0x00000000        0x0 c:/program files (x86)/atmel/studio/7.0/toolchain/avr8/avr8-gnu-toolchain/bin/../lib/gcc/avr/5.4.0/../../../../avr/lib/avr5\libm.a(fp_cmp.o)
 .bss           0x00000000        0x0 c:/program files (x86)/atmel/studio/7.0/toolchain/avr8/avr8-gnu-toolchain/bin/../lib/gcc/avr/5.4.0/../../../../avr/lib/avr5\libm.a(fp_cmp.o)
 .text          0x00000000        0x0 c:/program files (x86)/atmel/studio/7.0/toolchain/avr8/avr8-gnu-toolchain/bin/../lib/gcc/avr/5.4.0/../../../../avr/lib/avr5\libm.a(fp_inf.o)
 .data          0x00000000        0x0 c:/program files (x86)/atmel/studio/7.0/toolchain/avr8/avr8-gnu-toolchain/bin/../lib/gcc/avr/5.4.0/../../../../avr/lib/avr5\libm.a(fp_inf.o)
 .bss           0x00000000        0x0 c:/program files (x86)/atmel/studio/7.0/toolchain/avr8/avr8-gnu-toolchain/bin/../lib/gcc/avr/5.4.0/../../../../avr/lib/avr5\libm.a(fp_inf.o)
 .text          0x00000000        0x0 c:/program files (x86)/atmel/studio/7.0/toolchain/avr8/avr8-gnu-toolchain/bin/../lib/gcc/avr/5.4.0/../../../../avr/lib/avr5\libm.a(fp_nan.o)
 .data          0x00000000        0x0 c:/program files (x86)/atmel/studio/7.0/toolchain/avr8/avr8-gnu-toolchain/bin/../lib/gcc/avr/5.4.0/../../../../avr/lib/avr5\libm.a(fp_nan.o)
 .bss           0x00000000        0x0 c:/program files (x86)/atmel/studio/7.0/toolchain/avr8/avr8-gnu-toolchain/bin/../lib/gcc/avr/5.4.0/../../../../avr/lib/avr5\libm.a(fp_nan.o)
 .text          0x00000000        0x0 c:/program files (x86)/atmel/studio/7.0/toolchain/avr8/avr8-gnu-toolchain/bin/../lib/gcc/avr/5.4.0/../../../../avr/lib/avr5\libm.a(fp_pscA.o)
 .data          0x00000000        0x0 c:/program files (x86)/atmel/studio/7.0/toolchain/avr8/avr8-gnu-toolchain/bin/../lib/gcc/avr/5.4.0/../../../../avr/lib/avr5\libm.a(fp_pscA.o)
 .bss           0x00000000        0x0 c:/program files (x86)/atmel/studio/7.0/toolchain/avr8/avr8-gnu-toolchain/bin/../lib/gcc/avr/5.4.0/../../../../avr/lib/avr5\libm.a(fp_pscA.o)
 .text          0x00000000        0x0 c:/program files (x86)/atmel/studio/7.0/toolchain/avr8/avr8-gnu-toolchain/bin/../lib/gcc/avr/5.4.0/../../../../avr/lib/avr5\libm.a(fp_pscB.o)
 .data          0x00000000        0x0 c:/program files (x86)/atmel/studio/7.0/toolchain/avr8/avr8-gnu-toolchain/bin/../lib/gcc/avr/5.4.0/../../../../avr/lib/avr5\libm.a(fp_pscB.o)
 .bss           0x00000000        0x0 c:/program files (x86)/atmel/studio/7.0/toolchain/avr8/avr8-gnu-toolchain/bin/../lib/gcc/avr/5.4.0/../../../../avr/lib/avr5\libm.a(fp_pscB.o)
 .text          0x00000000        0x0 c:/program files (x86)/atmel/studio/7.0/toolchain/avr8/avr8-gnu-toolchain/bin/../lib/gcc/avr/5.4.0/../../../../avr/lib/avr5\libm.a(fp_round.o)
 .data          0x00000000        0x0 c:/program files (x86)/atmel/studio/7.0/toolchain/avr8/avr8-gnu-toolchain/bin/../lib/gcc/avr/5.4.0/../../../../avr/lib/avr5\libm.a(fp_round.o)
 .bss           0x00000000        0x0 c:/program files (x86)/atmel/studio/7.0/toolchain/avr8/avr8-gnu-toolchain/bin/../lib/gcc/avr/5.4.0/../../../../avr/lib/avr5\libm.a(fp_round.o)
 .text          0x00000000        0x0 c:/program files (x86)/atmel/studio/7.0/toolchain/avr8/avr8-gnu-toolchain/bin/../lib/gcc/avr/5.4.0/../../../../avr/lib/avr5\libm.a(fp_split3.o)
 .data          0x00000000        0x0 c:/program files (x86)/atmel/studio/7.0/toolchain/avr8/avr8-gnu-toolchain/bin/../lib/gcc/avr/5.4.0/../../../../avr/lib/avr5\libm.a(fp_split3.o)
 .bss           0x00000000        0x0 c:/program files (x86)/atmel/studio/7.0/toolchain/avr8/avr8-gnu-toolchain/bin/../lib/gcc/avr/5.4.0/../../../../avr/lib/avr5\libm.a(fp_split3.o)
 .text          0x00000000        0x0 c:/program files (x86)/atmel/studio/7.0/toolchain/avr8/avr8-gnu-toolchain/bin/../lib/gcc/avr/5.4.0/../../../../avr/lib/avr5\libm.a(fp_zero.o)
 .data          0x00000000        0x0 c:/program files (x86)/atmel/studio/7.0/toolchain/avr8/avr8-gnu-toolchain/bin/../lib/gcc/avr/5.4.0/../../../../avr/lib/avr5\libm.a(fp_zero.o)
 .bss           0x00000000        0x0 c:/program files (x86)/atmel/studio/7.0/toolchain/avr8/avr8-gnu-toolchain/bin/../lib/gcc/avr/5.4.0/../../../../avr/lib/avr5\libm.a(fp_zero.o)
 .text          0x00000000        0x0 c:/program files (x86)/atmel/studio/7.0/toolchain/avr8/avr8-gnu-toolchain/bin/../lib/gcc/avr/5.4.0/../../../../avr/lib/avr5\libm.a(gesf2.o)
 .data          0x00000000        0x0 c:/program files (x86)/atmel/studio/7.0/toolchain/avr8/avr8-gnu-toolchain/bin/../lib/gcc/avr/5.4.0/../../../../avr/lib/avr5\libm.a(gesf2.o)
 .bss           0x00000000        0x0 c:/program files (x86)/atmel/studio/7.0/toolchain/avr8/avr8-gnu-toolchain/bin/../lib/gcc/avr/5.4.0/../../../../avr/lib/avr5\libm.a(gesf2.o)
 .text.avr-libc.fplib
                0x00000000        0xa c:/program files (x86)/atmel/studio/7.0/toolchain/avr8/avr8-gnu-toolchain/bin/../lib/gcc/avr/5.4.0/../../../../avr/lib/avr5\libm.a(gesf2.o)
 .text          0x00000000        0x0 c:/program files (x86)/atmel/studio/7.0/toolchain/avr8/avr8-gnu-toolchain/bin/../lib/gcc/avr/5.4.0/../../../../avr/lib/avr5\libm.a(mulsf3.o)
 .data          0x00000000        0x0 c:/program files (x86)/atmel/studio/7.0/toolchain/avr8/avr8-gnu-toolchain/bin/../lib/gcc/avr/5.4.0/../../../../avr/lib/avr5\libm.a(mulsf3.o)
 .bss           0x00000000        0x0 c:/program files (x86)/atmel/studio/7.0/toolchain/avr8/avr8-gnu-toolchain/bin/../lib/gcc/avr/5.4.0/../../../../avr/lib/avr5\libm.a(mulsf3.o)
 .text          0x00000000        0x0 c:/program files (x86)/atmel/studio/7.0/toolchain/avr8/avr8-gnu-toolchain/bin/../lib/gcc/avr/5.4.0/../../../../avr/lib/avr5\libm.a(mulsf3x.o)
 .data          0x00000000        0x0 c:/program files (x86)/atmel/studio/7.0/toolchain/avr8/avr8-gnu-toolchain/bin/../lib/gcc/avr/5.4.0/../../../../avr/lib/avr5\libm.a(mulsf3x.o)
 .bss           0x00000000        0x0 c:/program files (x86)/atmel/studio/7.0/toolchain/avr8/avr8-gnu-toolchain/bin/../lib/gcc/avr/5.4.0/../../../../avr/lib/avr5\libm.a(mulsf3x.o)
 .text          0x00000000        0x0 c:/program files (x86)/atmel/studio/7.0/toolchain/avr8/avr8-gnu-toolchain/bin/../lib/gcc/avr/5.4.0/avr5\libgcc.a(_divmodhi4.o)
 .data          0x00000000        0x0 c:/program files (x86)/atmel/studio/7.0/toolchain/avr8/avr8-gnu-toolchain/bin/../lib/gcc/avr/5.4.0/avr5\libgcc.a(_divmodhi4.o)
 .bss           0x00000000        0x0 c:/program files (x86)/atmel/studio/7.0/toolchain/avr8/avr8-gnu-toolchain/bin/../lib/gcc/avr/5.4.0/avr5\libgcc.a(_divmodhi4.o)
 .text.libgcc.mul
                0x00000000        0x0 c:/program files (x86)/atmel/studio/7.0/toolchain/avr8/avr8-gnu-toolchain/bin/../lib/gcc/avr/5.4.0/avr5\libgcc.a(_divmodhi4.o)
 .text.libgcc.div
                0x00000000       0x28 c:/program files (x86)/atmel/studio/7.0/toolchain/avr8/avr8-gnu-toolchain/bin/../lib/gcc/avr/5.4.0/avr5\libgcc.a(_divmodhi4.o)
 .text.libgcc   0x00000000        0x0 c:/program files (x86)/atmel/studio/7.0/toolchain/avr8/avr8-gnu-toolchain/bin/../lib/gcc/avr/5.4.0/avr5\libgcc.a(_divmodhi4.o)
 .text.libgcc.prologue
                0x00000000        0x0 c:/program files (x86)/atmel/studio/7.0/toolchain/avr8/avr8-gnu-toolchain/bin/../lib/gcc/avr/5.4.0/avr5\libgcc.a(_divmodhi4.o)
 .text.libgcc.builtins
                0x00000000        0x0 c:/program files (x86)/atmel/studio/7.0/toolchain/avr8/avr8-gnu-toolchain/bin/../lib/gcc/avr/5.4.0/avr5\libgcc.a(_divmodhi4.o)
 .text.libgcc.fmul
                0x00000000        0x0 c:/program files (x86)/atmel/studio/7.0/toolchain/avr8/avr8-gnu-toolchain/bin/../lib/gcc/avr/5.4.0/avr5\libgcc.a(_divmodhi4.o)
 .text.libgcc.fixed
                0x00000000        0x0 c:/program files (x86)/atmel/studio/7.0/toolchain/avr8/avr8-gnu-toolchain/bin/../lib/gcc/avr/5.4.0/avr5\libgcc.a(_divmodhi4.o)
 .text          0x00000000        0x0 c:/program files (x86)/atmel/studio/7.0/toolchain/avr8/avr8-gnu-toolchain/bin/../lib/gcc/avr/5.4.0/avr5\libgcc.a(_exit.o)
 .data          0x00000000        0x0 c:/program files (x86)/atmel/studio/7.0/toolchain/avr8/avr8-gnu-toolchain/bin/../lib/gcc/avr/5.4.0/avr5\libgcc.a(_exit.o)
 .bss           0x00000000        0x0 c:/program files (x86)/atmel/studio/7.0/toolchain/avr8/avr8-gnu-toolchain/bin/../lib/gcc/avr/5.4.0/avr5\libgcc.a(_exit.o)
 .text.libgcc.mul
                0x00000000        0x0 c:/program files (x86)/atmel/studio/7.0/toolchain/avr8/avr8-gnu-toolchain/bin/../lib/gcc/avr/5.4.0/avr5\libgcc.a(_exit.o)
 .text.libgcc.div
                0x00000000        0x0 c:/program files (x86)/atmel/studio/7.0/toolchain/avr8/avr8-gnu-toolchain/bin/../lib/gcc/avr/5.4.0/avr5\libgcc.a(_exit.o)
 .text.libgcc   0x00000000        0x0 c:/program files (x86)/atmel/studio/7.0/toolchain/avr8/avr8-gnu-toolchain/bin/../lib/gcc/avr/5.4.0/avr5\libgcc.a(_exit.o)
 .text.libgcc.prologue
                0x00000000        0x0 c:/program files (x86)/atmel/studio/7.0/toolchain/avr8/avr8-gnu-toolchain/bin/../lib/gcc/avr/5.4.0/avr5\libgcc.a(_exit.o)
 .text.libgcc.builtins
                0x00000000        0x0 c:/program files (x86)/atmel/studio/7.0/toolchain/avr8/avr8-gnu-toolchain/bin/../lib/gcc/avr/5.4.0/avr5\libgcc.a(_exit.o)
 .text.libgcc.fmul
                0x00000000        0x0 c:/program files (x86)/atmel/studio/7.0/toolchain/avr8/avr8-gnu-toolchain/bin/../lib/gcc/avr/5.4.0/avr5\libgcc.a(_exit.o)
 .text.libgcc.fixed
                0x00000000        0x0 c:/program files (x86)/atmel/studio/7.0/toolchain/avr8/avr8-gnu-toolchain/bin/../lib/gcc/avr/5.4.0/avr5\libgcc.a(_exit.o)
 .text          0x00000000        0x0 c:/program files (x86)/atmel/studio/7.0/toolchain/avr8/avr8-gnu-toolchain/bin/../lib/gcc/avr/5.4.0/avr5\libgcc.a(_copy_data.o)
 .data          0x00000000        0x0 c:/program files (x86)/atmel/studio/7.0/toolchain/avr8/avr8-gnu-toolchain/bin/../lib/gcc/avr/5.4.0/avr5\libgcc.a(_copy_data.o)
 .bss           0x00000000        0x0 c:/program files (x86)/atmel/studio/7.0/toolchain/avr8/avr8-gnu-toolchain/bin/../lib/gcc/avr/5.4.0/avr5\libgcc.a(_copy_data.o)
 .text.libgcc.mul
                0x00000000        0x0 c:/program files (x86)/atmel/studio/7.0/toolchain/avr8/avr8-gnu-toolchain/bin/../lib/gcc/avr/5.4.0/avr5\libgcc.a(_copy_data.o)
 .text.libgcc.div
                0x00000000        0x0 c:/program files (x86)/atmel/studio/7.0/toolchain/avr8/avr8-gnu-toolchain/bin/../lib/gcc/avr/5.4.0/avr5\libgcc.a(_copy_data.o)
 .text.libgcc   0x00000000        0x0 c:/program files (x86)/atmel/studio/7.0/toolchain/avr8/avr8-gnu-toolchain/bin/../lib/gcc/avr/5.4.0/avr5\libgcc.a(_copy_data.o)
 .text.libgcc.prologue
                0x00000000        0x0 c:/program files (x86)/atmel/studio/7.0/toolchain/avr8/avr8-gnu-toolchain/bin/../lib/gcc/avr/5.4.0/avr5\libgcc.a(_copy_data.o)
 .text.libgcc.builtins
                0x00000000        0x0 c:/program files (x86)/atmel/studio/7.0/toolchain/avr8/avr8-gnu-toolchain/bin/../lib/gcc/avr/5.4.0/avr5\libgcc.a(_copy_data.o)
 .text.libgcc.fmul
                0x00000000        0x0 c:/program files (x86)/atmel/studio/7.0/toolchain/avr8/avr8-gnu-toolchain/bin/../lib/gcc/avr/5.4.0/avr5\libgcc.a(_copy_data.o)
 .text.libgcc.fixed
                0x00000000        0x0 c:/program files (x86)/atmel/studio/7.0/toolchain/avr8/avr8-gnu-toolchain/bin/../lib/gcc/avr/5.4.0/avr5\libgcc.a(_copy_data.o)
 .text          0x00000000        0x0 c:/program files (x86)/atmel/studio/7.0/toolchain/avr8/avr8-gnu-toolchain/bin/../lib/gcc/avr/5.4.0/avr5\libgcc.a(_clear_bss.o)
 .data          0x00000000        0x0 c:/program files (x86)/atmel/studio/7.0/toolchain/avr8/avr8-gnu-toolchain/bin/../lib/gcc/avr/5.4.0/avr5\libgcc.a(_clear_bss.o)
 .bss           0x00000000        0x0 c:/program files (x86)/atmel/studio/7.0/toolchain/avr8/avr8-gnu-toolchain/bin/../lib/gcc/avr/5.4.0/avr5\libgcc.a(_clear_bss.o)
 .text.libgcc.mul
                0x00000000        0x0 c:/program files (x86)/atmel/studio/7.0/toolchain/avr8/avr8-gnu-toolchain/bin/../lib/gcc/avr/5.4.0/avr5\libgcc.a(_clear_bss.o)
 .text.libgcc.div
                0x00000000        0x0 c:/program files (x86)/atmel/studio/7.0/toolchain/avr8/avr8-gnu-toolchain/bin/../lib/gcc/avr/5.4.0/avr5\libgcc.a(_clear_bss.o)
 .text.libgcc   0x00000000        0x0 c:/program files (x86)/atmel/studio/7.0/toolchain/avr8/avr8-gnu-toolchain/bin/../lib/gcc/avr/5.4.0/avr5\libgcc.a(_clear_bss.o)
 .text.libgcc.prologue
                0x00000000        0x0 c:/program files (x86)/atmel/studio/7.0/toolchain/avr8/avr8-gnu-toolchain/bin/../lib/gcc/avr/5.4.0/avr5\libgcc.a(_clear_bss.o)
 .text.libgcc.builtins
                0x00000000        0x0 c:/program files (x86)/atmel/studio/7.0/toolchain/avr8/avr8-gnu-toolchain/bin/../lib/gcc/avr/5.4.0/avr5\libgcc.a(_clear_bss.o)
 .text.libgcc.fmul
                0x00000000        0x0 c:/program files (x86)/atmel/studio/7.0/toolchain/avr8/avr8-gnu-toolchain/bin/../lib/gcc/avr/5.4.0/avr5\libgcc.a(_clear_bss.o)
 .text.libgcc.fixed
                0x00000000        0x0 c:/program files (x86)/atmel/studio/7.0/toolchain/avr8/avr8-gnu-toolchain/bin/../lib/gcc/avr/5.4.0/avr5\libgcc.a(_clear_bss.o)
 .text          0x00000000        0x0 c:/program files (x86)/atmel/studio/7.0/toolchain/avr8/avr8-gnu-toolchain/bin/../lib/gcc/avr/5.4.0/avr5\libgcc.a(_umulhisi3.o)
 .data          0x00000000        0x0 c:/program files (x86)/atmel/studio/7.0/toolchain/avr8/avr8-gnu-toolchain/bin/../lib/gcc/avr/5.4.0/avr5\libgcc.a(_umulhisi3.o)
 .bss           0x00000000        0x0 c:/program files (x86)/atmel/studio/7.0/toolchain/avr8/avr8-gnu-toolchain/bin/../lib/gcc/avr/5.4.0/avr5\libgcc.a(_umulhisi3.o)
 .text.libgcc.mul
                0x00000000       0x1e c:/program files (x86)/atmel/studio/7.0/toolchain/avr8/avr8-gnu-toolchain/bin/../lib/gcc/avr/5.4.0/avr5\libgcc.a(_umulhisi3.o)
 .text.libgcc.div
                0x00000000        0x0 c:/program files (x86)/atmel/studio/7.0/toolchain/avr8/avr8-gnu-toolchain/bin/../lib/gcc/avr/5.4.0/avr5\libgcc.a(_umulhisi3.o)
 .text.libgcc   0x00000000        0x0 c:/program files (x86)/atmel/studio/7.0/toolchain/avr8/avr8-gnu-toolchain/bin/../lib/gcc/avr/5.4.0/avr5\libgcc.a(_umulhisi3.o)
 .text.libgcc.prologue
                0x00000000        0x0 c:/program files (x86)/atmel/studio/7.0/toolchain/avr8/avr8-gnu-toolchain/bin/../lib/gcc/avr/5.4.0/avr5\libgcc.a(_umulhisi3.o)
 .text.libgcc.builtins
                0x00000000        0x0 c:/program files (x86)/atmel/studio/7.0/toolchain/avr8/avr8-gnu-toolchain/bin/../lib/gcc/avr/5.4.0/avr5\libgcc.a(_umulhisi3.o)
 .text.libgcc.fmul
                0x00000000        0x0 c:/program files (x86)/atmel/studio/7.0/toolchain/avr8/avr8-gnu-toolchain/bin/../lib/gcc/avr/5.4.0/avr5\libgcc.a(_umulhisi3.o)
 .text.libgcc.fixed
                0x00000000        0x0 c:/program files (x86)/atmel/studio/7.0/toolchain/avr8/avr8-gnu-toolchain/bin/../lib/gcc/avr/5.4.0/avr5\libgcc.a(_umulhisi3.o)
 .text          0x00000000        0x0 c:/program files (x86)/atmel/studio/7.0/toolchain/avr8/avr8-gnu-toolchain/bin/../lib/gcc/avr/5.4.0/avr5\libgcc.a(_udivmodhi4.o)
 .data          0x00000000        0x0 c:/program files (x86)/atmel/studio/7.0/toolchain/avr8/avr8-gnu-toolchain/bin/../lib/gcc/avr/5.4.0/avr5\libgcc.a(_udivmodhi4.o)
 .bss           0x00000000        0x0 c:/program files (x86)/atmel/studio/7.0/toolchain/avr8/avr8-gnu-toolchain/bin/../lib/gcc/avr/5.4.0/avr5\libgcc.a(_udivmodhi4.o)
 .text.libgcc.mul
                0x00000000        0x0 c:/program files (x86)/atmel/studio/7.0/toolchain/avr8/avr8-gnu-toolchain/bin/../lib/gcc/avr/5.4.0/avr5\libgcc.a(_udivmodhi4.o)
 .text.libgcc.div
                0x00000000       0x28 c:/program files (x86)/atmel/studio/7.0/toolchain/avr8/avr8-gnu-toolchain/bin/../lib/gcc/avr/5.4.0/avr5\libgcc.a(_udivmodhi4.o)
 .text.libgcc   0x00000000        0x0 c:/program files (x86)/atmel/studio/7.0/toolchain/avr8/avr8-gnu-toolchain/bin/../lib/gcc/avr/5.4.0/avr5\libgcc.a(_udivmodhi4.o)
 .text.libgcc.prologue
                0x00000000        0x0 c:/program files (x86)/atmel/studio/7.0/toolchain/avr8/avr8-gnu-toolchain/bin/../lib/gcc/avr/5.4.0/avr5\libgcc.a(_udivmodhi4.o)
 .text.libgcc.builtins
                0x00000000        0x0 c:/program files (x86)/atmel/studio/7.0/toolchain/avr8/avr8-gnu-toolchain/bin/../lib/gcc/avr/5.4.0/avr5\libgcc.a(_udivmodhi4.o)
 .text.libgcc.fmul
                0x00000000        0x0 c:/program files (x86)/atmel/studio/7.0/toolchain/avr8/avr8-gnu-toolchain/bin/../lib/gcc/avr/5.4.0/avr5\libgcc.a(_udivmodhi4.o)
 .text.libgcc.fixed
                0x00000000        0x0 c:/program files (x86)/atmel/studio/7.0/toolchain/avr8/avr8-gnu-toolchain/bin/../lib/gcc/avr/5.4.0/avr5\libgcc.a(_udivmodhi4.o)
 .text          0x00000000        0x0 c:/program files (x86)/atmel/studio/7.0/toolchain/avr8/avr8-gnu-toolchain/bin/../lib/gcc/avr/5.4.0/../../../../avr/lib/avr5\libc.a(sprintf.o)
 .data          0x00000000        0x0 c:/program files (x86)/atmel/studio/7.0/toolchain/avr8/avr8-gnu-toolchain/bin/../lib/gcc/avr/5.4.0/../../../../avr/lib/avr5\libc.a(sprintf.o)
 .bss           0x00000000        0x0 c:/program files (x86)/atmel/studio/7.0/toolchain/avr8/avr8-gnu-toolchain/bin/../lib/gcc/avr/5.4.0/../../../../avr/lib/avr5\libc.a(sprintf.o)
 .text          0x00000000        0x0 c:/program files (x86)/atmel/studio/7.0/toolchain/avr8/avr8-gnu-toolchain/bin/../lib/gcc/avr/5.4.0/../../../../avr/lib/avr5\libc.a(vfprintf_std.o)
 .data          0x00000000        0x0 c:/program files (x86)/atmel/studio/7.0/toolchain/avr8/avr8-gnu-toolchain/bin/../lib/gcc/avr/5.4.0/../../../../avr/lib/avr5\libc.a(vfprintf_std.o)
 .bss           0x00000000        0x0 c:/program files (x86)/atmel/studio/7.0/toolchain/avr8/avr8-gnu-toolchain/bin/../lib/gcc/avr/5.4.0/../../../../avr/lib/avr5\libc.a(vfprintf_std.o)
 .text          0x00000000        0x0 c:/program files (x86)/atmel/studio/7.0/toolchain/avr8/avr8-gnu-toolchain/bin/../lib/gcc/avr/5.4.0/../../../../avr/lib/avr5\libc.a(strnlen_P.o)
 .data          0x00000000        0x0 c:/program files (x86)/atmel/studio/7.0/toolchain/avr8/avr8-gnu-toolchain/bin/../lib/gcc/avr/5.4.0/../../../../avr/lib/avr5\libc.a(strnlen_P.o)
 .bss           0x00000000        0x0 c:/program files (x86)/atmel/studio/7.0/toolchain/avr8/avr8-gnu-toolchain/bin/../lib/gcc/avr/5.4.0/../../../../avr/lib/avr5\libc.a(strnlen_P.o)
 .text          0x00000000        0x0 c:/program files (x86)/atmel/studio/7.0/toolchain/avr8/avr8-gnu-toolchain/bin/../lib/gcc/avr/5.4.0/../../../../avr/lib/avr5\libc.a(strnlen.o)
 .data          0x00000000        0x0 c:/program files (x86)/atmel/studio/7.0/toolchain/avr8/avr8-gnu-toolchain/bin/../lib/gcc/avr/5.4.0/../../../../avr/lib/avr5\libc.a(strnlen.o)
 .bss           0x00000000        0x0 c:/program files (x86)/atmel/studio/7.0/toolchain/avr8/avr8-gnu-toolchain/bin/../lib/gcc/avr/5.4.0/../../../../avr/lib/avr5\libc.a(strnlen.o)
 .text          0x00000000        0x0 c:/program files (x86)/atmel/studio/7.0/toolchain/avr8/avr8-gnu-toolchain/bin/../lib/gcc/avr/5.4.0/../../../../avr/lib/avr5\libc.a(fputc.o)
 .data          0x00000000        0x0 c:/program files (x86)/atmel/studio/7.0/toolchain/avr8/avr8-gnu-toolchain/bin/../lib/gcc/avr/5.4.0/../../../../avr/lib/avr5\libc.a(fputc.o)
 .bss           0x00000000        0x0 c:/program files (x86)/atmel/studio/7.0/toolchain/avr8/avr8-gnu-toolchain/bin/../lib/gcc/avr/5.4.0/../../../../avr/lib/avr5\libc.a(fputc.o)
 .text          0x00000000        0x0 c:/program files (x86)/atmel/studio/7.0/toolchain/avr8/avr8-gnu-toolchain/bin/../lib/gcc/avr/5.4.0/../../../../avr/lib/avr5\libc.a(ultoa_invert.o)
 .data          0x00000000        0x0 c:/program files (x86)/atmel/studio/7.0/toolchain/avr8/avr8-gnu-toolchain/bin/../lib/gcc/avr/5.4.0/../../../../avr/lib/avr5\libc.a(ultoa_invert.o)
 .bss           0x00000000        0x0 c:/program files (x86)/atmel/studio/7.0/toolchain/avr8/avr8-gnu-toolchain/bin/../lib/gcc/avr/5.4.0/../../../../avr/lib/avr5\libc.a(ultoa_invert.o)
 .text          0x00000000        0x0 c:/program files (x86)/atmel/studio/7.0/toolchain/avr8/avr8-gnu-toolchain/bin/../lib/gcc/avr/5.4.0/avr5\libgcc.a(_prologue.o)
 .data          0x00000000        0x0 c:/program files (x86)/atmel/studio/7.0/toolchain/avr8/avr8-gnu-toolchain/bin/../lib/gcc/avr/5.4.0/avr5\libgcc.a(_prologue.o)
 .bss           0x00000000        0x0 c:/program files (x86)/atmel/studio/7.0/toolchain/avr8/avr8-gnu-toolchain/bin/../lib/gcc/avr/5.4.0/avr5\libgcc.a(_prologue.o)
 .text.libgcc.mul
                0x00000000        0x0 c:/program files (x86)/atmel/studio/7.0/toolchain/avr8/avr8-gnu-toolchain/bin/../lib/gcc/avr/5.4.0/avr5\libgcc.a(_prologue.o)
 .text.libgcc.div
                0x00000000        0x0 c:/program files (x86)/atmel/studio/7.0/toolchain/avr8/avr8-gnu-toolchain/bin/../lib/gcc/avr/5.4.0/avr5\libgcc.a(_prologue.o)
 .text.libgcc   0x00000000        0x0 c:/program files (x86)/atmel/studio/7.0/toolchain/avr8/avr8-gnu-toolchain/bin/../lib/gcc/avr/5.4.0/avr5\libgcc.a(_prologue.o)
 .text.libgcc.builtins
                0x00000000        0x0 c:/program files (x86)/atmel/studio/7.0/toolchain/avr8/avr8-gnu-toolchain/bin/../lib/gcc/avr/5.4.0/avr5\libgcc.a(_prologue.o)
 .text.libgcc.fmul
                0x00000000        0x0 c:/program files (x86)/atmel/studio/7.0/toolchain/avr8/avr8-gnu-toolchain/bin/../lib/gcc/avr/5.4.0/avr5\libgcc.a(_prologue.o)
 .text.libgcc.fixed
                0x00000000        0x0 c:/program files (x86)/atmel/studio/7.0/toolchain/avr8/avr8-gnu-toolchain/bin/../lib/gcc/avr/5.4.0/avr5\libgcc.a(_prologue.o)
 .text          0x00000000        0x0 c:/program files (x86)/atmel/studio/7.0/toolchain/avr8/avr8-gnu-toolchain/bin/../lib/gcc/avr/5.4.0/avr5\libgcc.a(_epilogue.o)
 .data          0x00000000        0x0 c:/program files (x86)/atmel/studio/7.0/toolchain/avr8/avr8-gnu-toolchain/bin/../lib/gcc/avr/5.4.0/avr5\libgcc.a(_epilogue.o)
 .bss           0x00000000        0x0 c:/program files (x86)/atmel/studio/7.0/toolchain/avr8/avr8-gnu-toolchain/bin/../lib/gcc/avr/5.4.0/avr5\libgcc.a(_epilogue.o)
 .text.libgcc.mul
                0x00000000        0x0 c:/program files (x86)/atmel/studio/7.0/toolchain/avr8/avr8-gnu-toolchain/bin/../lib/gcc/avr/5.4.0/avr5\libgcc.a(_epilogue.o)
 .text.libgcc.div
                0x00000000        0x0 c:/program files (x86)/atmel/studio/7.0/toolchain/avr8/avr8-gnu-toolchain/bin/../lib/gcc/avr/5.4.0/avr5\libgcc.a(_epilogue.o)
 .text.libgcc   0x00000000        0x0 c:/program files (x86)/atmel/studio/7.0/toolchain/avr8/avr8-gnu-toolchain/bin/../lib/gcc/avr/5.4.0/avr5\libgcc.a(_epilogue.o)
 .text.libgcc.builtins
                0x00000000        0x0 c:/program files (x86)/atmel/studio/7.0/toolchain/avr8/avr8-gnu-toolchain/bin/../lib/gcc/avr/5.4.0/avr5\libgcc.a(_epilogue.o)
 .text.libgcc.fmul
                0x00000000        0x0 c:/program files (x86)/atmel/studio/7.0/toolchain/avr8/avr8-gnu-toolchain/bin/../lib/gcc/avr/5.4.0/avr5\libgcc.a(_epilogue.o)
 .text.libgcc.fixed
                0x00000000        0x0 c:/program files (x86)/atmel/studio/7.0/toolchain/avr8/avr8-gnu-toolchain/bin/../lib/gcc/avr/5.4.0/avr5\libgcc.a(_epilogue.o)

Memory Configuration

Name             Origin             Length             Attributes
text             0x00000000         0x00008000         xr
data             0x00800060         0x00000800         rw !x
eeprom           0x00810000         0x00000400         rw !x
fuse             0x00820000         0x00000002         rw !x
lock             0x00830000         0x00000400         rw !x
signature        0x00840000         0x00000400         rw !x
user_signatures  0x00850000         0x00000400         rw !x
*default*        0x00000000         0xffffffff

Linker script and memory map

LOAD C:/Program Files (x86)/Atmel/Studio/7.0/Packs/atmel/ATmega_DFP/1.6.364/gcc/dev/atmega32a/avr5/crtatmega32a.o
LOAD application.o
LOAD device_config.o
LOAD hal/7_Segmant/hal_7_Segment.o
LOAD hal/button/hal_button.o
LOAD hal/char_lcd/hal_char_lcd.o
LOAD hal/dc_motor/hal_dc_motor.o
LOAD hal/EEPROM/EXT_EEPROM.o
LOAD hal/Keybad/hal_keybad.o
LOAD hal/led/hal_led.o
LOAD hal/relay/hal_relay.o
LOAD mcal/ADC/adc.o
LOAD mcal/EXT_Interrupt/EXTI.o
LOAD mcal/GIE/GIE.o
LOAD mcal/gpio/mcal_gpio.o
LOAD mcal/I2C/I2C.o
LOAD mcal/SPI/SPI.o
LOAD mcal/Timers/Timer_0.o
LOAD mcal/Timers/Timer_1.o
LOAD mcal/Timers/WDT.o
LOAD mcal/UART/uart.o
LOAD Services_RTOS/RTO_program.o
START GROUP
LOAD c:/program files (x86)/atmel/studio/7.0/toolchain/avr8/avr8-gnu-toolchain/bin/../lib/gcc/avr/5.4.0/../../../../avr/lib/avr5\libm.a
END GROUP
START GROUP
LOAD c:/program files (x86)/atmel/studio/7.0/toolchain/avr8/avr8-gnu-toolchain/bin/../lib/gcc/avr/5.4.0/avr5\libgcc.a
LOAD c:/program files (x86)/atmel/studio/7.0/toolchain/avr8/avr8-gnu-toolchain/bin/../lib/gcc/avr/5.4.0/../../../../avr/lib/avr5\libm.a
LOAD c:/program files (x86)/atmel/studio/7.0/toolchain/avr8/avr8-gnu-toolchain/bin/../lib/gcc/avr/5.4.0/../../../../avr/lib/avr5\libc.a
LOAD C:/Program Files (x86)/Atmel/Studio/7.0/Packs/atmel/ATmega_DFP/1.6.364/gcc/dev/atmega32a/avr5\libatmega32a.a
END GROUP
                [0x00000000]                __TEXT_REGION_ORIGIN__ = DEFINED (__TEXT_REGION_ORIGIN__)?__TEXT_REGION_ORIGIN__:0x0
                [0x00800060]                __DATA_REGION_ORIGIN__ = DEFINED (__DATA_REGION_ORIGIN__)?__DATA_REGION_ORIGIN__:0x800060
                [0x00008000]                __TEXT_REGION_LENGTH__ = DEFINED (__TEXT_REGION_LENGTH__)?__TEXT_REGION_LENGTH__:0x20000
                [0x00000800]                __DATA_REGION_LENGTH__ = DEFINED (__DATA_REGION_LENGTH__)?__DATA_REGION_LENGTH__:0xffa0
                [0x00000400]                __EEPROM_REGION_LENGTH__ = DEFINED (__EEPROM_REGION_LENGTH__)?__EEPROM_REGION_LENGTH__:0x10000
                [0x00000002]                __FUSE_REGION_LENGTH__ = DEFINED (__FUSE_REGION_LENGTH__)?__FUSE_REGION_LENGTH__:0x400
                0x00000400                __LOCK_REGION_LENGTH__ = DEFINED (__LOCK_REGION_LENGTH__)?__LOCK_REGION_LENGTH__:0x400
                0x00000400                __SIGNATURE_REGION_LENGTH__ = DEFINED (__SIGNATURE_REGION_LENGTH__)?__SIGNATURE_REGION_LENGTH__:0x400
                0x00000400                __USER_SIGNATURE_REGION_LENGTH__ = DEFINED (__USER_SIGNATURE_REGION_LENGTH__)?__USER_SIGNATURE_REGION_LENGTH__:0x400

.hash
 *(.hash)

.dynsym
 *(.dynsym)

.dynstr
 *(.dynstr)

.gnu.version
 *(.gnu.version)

.gnu.version_d
 *(.gnu.version_d)

.gnu.version_r
 *(.gnu.version_r)

.rel.init
 *(.rel.init)

.rela.init
 *(.rela.init)

.rel.text
 *(.rel.text)
 *(.rel.text.*)
 *(.rel.gnu.linkonce.t*)

.rela.text
 *(.rela.text)
 *(.rela.text.*)
 *(.rela.gnu.linkonce.t*)

.rel.fini
 *(.rel.fini)

.rela.fini
 *(.rela.fini)

.rel.rodata
 *(.rel.rodata)
 *(.rel.rodata.*)
 *(.rel.gnu.linkonce.r*)

.rela.rodata
 *(.rela.rodata)
 *(.rela.rodata.*)
 *(.rela.gnu.linkonce.r*)

.rel.data
 *(.rel.data)
 *(.rel.data.*)
 *(.rel.gnu.linkonce.d*)

.rela.data
 *(.rela.data)
 *(.rela.data.*)
 *(.rela.gnu.linkonce.d*)

.rel.ctors
 *(.rel.ctors)

.rela.ctors
 *(.rela.ctors)

.rel.dtors
 *(.rel.dtors)

.rela.dtors
 *(.rela.dtors)

.rel.got
 *(.rel.got)

.rela.got
 *(.rela.got)

.rel.bss
 *(.rel.bss)

.rela.bss
 *(.rela.bss)

.rel.plt
 *(.rel.plt)

.rela.plt
 *(.rela.plt)

.text           0x00000000     0x1502
 *(.vectors)
 .vectors       0x00000000       0x54 C:/Program Files (x86)/Atmel/Studio/7.0/Packs/atmel/ATmega_DFP/1.6.364/gcc/dev/atmega32a/avr5/crtatmega32a.o
                0x00000000                __vector_default
                0x00000000                __vectors
 *(.vectors)
 *(.progmem.gcc*)
                0x00000054                . = ALIGN (0x2)
                0x00000054                __trampolines_start = .
 *(.trampolines)
 .trampolines   0x00000054        0x0 linker stubs
 *(.trampolines*)
                0x00000054                __trampolines_end = .
 *libprintf_flt.a:*(.progmem.data)
 *libc.a:*(.progmem.data)
 *(.progmem*)
                0x00000054                . = ALIGN (0x2)
 *(.jumptables)
 *(.jumptables*)
 *(.lowtext)
 *(.lowtext*)
                0x00000054                __ctors_start = .
 *(.ctors)
                0x00000054                __ctors_end = .
                0x00000054                __dtors_start = .
 *(.dtors)
                0x00000054                __dtors_end = .
 SORT(*)(.ctors)
 SORT(*)(.dtors)
 *(.init0)
 .init0         0x00000054        0x0 C:/Program Files (x86)/Atmel/Studio/7.0/Packs/atmel/ATmega_DFP/1.6.364/gcc/dev/atmega32a/avr5/crtatmega32a.o
                0x00000054                __init
 *(.init0)
 *(.init1)
 *(.init1)
 *(.init2)
 .init2         0x00000054        0xc C:/Program Files (x86)/Atmel/Studio/7.0/Packs/atmel/ATmega_DFP/1.6.364/gcc/dev/atmega32a/avr5/crtatmega32a.o
 *(.init2)
 *(.init3)
 *(.init3)
 *(.init4)
 .init4         0x00000060       0x16 c:/program files (x86)/atmel/studio/7.0/toolchain/avr8/avr8-gnu-toolchain/bin/../lib/gcc/avr/5.4.0/avr5\libgcc.a(_copy_data.o)
                0x00000060                __do_copy_data
 .init4         0x00000076       0x10 c:/program files (x86)/atmel/studio/7.0/toolchain/avr8/avr8-gnu-toolchain/bin/../lib/gcc/avr/5.4.0/avr5\libgcc.a(_clear_bss.o)
                0x00000076                __do_clear_bss
 *(.init4)
 *(.init5)
 *(.init5)
 *(.init6)
 *(.init6)
 *(.init7)
 *(.init7)
 *(.init8)
 *(.init8)
 *(.init9)
 .init9         0x00000086        0x8 C:/Program Files (x86)/Atmel/Studio/7.0/Packs/atmel/ATmega_DFP/1.6.364/gcc/dev/atmega32a/avr5/crtatmega32a.o
 *(.init9)
 *(.text)
 .text          0x0000008e        0x4 C:/Program Files (x86)/Atmel/Studio/7.0/Packs/atmel/ATmega_DFP/1.6.364/gcc/dev/atmega32a/avr5/crtatmega32a.o
                0x0000008e                __vector_12
                0x0000008e                __bad_interrupt
                0x0000008e                __vector_3
                0x0000008e                __vector_13
                0x0000008e                __vector_17
                0x0000008e                __vector_19
                0x0000008e                __vector_7
                0x0000008e                __vector_5
                0x0000008e                __vector_4
                0x0000008e                __vector_2
                0x0000008e                __vector_15
                0x0000008e                __vector_8
                0x0000008e                __vector_14
                0x0000008e                __vector_10
                0x0000008e                __vector_18
                0x0000008e                __vector_20
                0x00000092                . = ALIGN (0x2)
 *(.text.*)
 .text.Timer_1_ISR
                0x00000092        0xa application.o
                0x00000092                Timer_1_ISR
 .text.application_init
                0x0000009c       0x26 application.o
                0x0000009c                application_init
 .text.main     0x000000c2       0x48 application.o
                0x000000c2                main
 .text.button_init
                0x0000010a       0x2e hal/button/hal_button.o
                0x0000010a                button_init
 .text.lcd_send_4bits
                0x00000138       0x7c hal/char_lcd/hal_char_lcd.o
 .text.lcd_send_enable
                0x000001b4       0x4a hal/char_lcd/hal_char_lcd.o
 .text.lcd_send_command
                0x000001fe       0x66 hal/char_lcd/hal_char_lcd.o
                0x000001fe                lcd_send_command
 .text.lcd_4bit_lcd_initialize
                0x00000264      0x320 hal/char_lcd/hal_char_lcd.o
 .text.lcd_initialize
                0x00000584       0x10 hal/char_lcd/hal_char_lcd.o
                0x00000584                lcd_initialize
 .text.lcd_set_cursor
                0x00000594       0x3e hal/char_lcd/hal_char_lcd.o
 .text.lcd_send_char_data
                0x000005d2       0x5a hal/char_lcd/hal_char_lcd.o
                0x000005d2                lcd_send_char_data
 .text.lcd_send_string_data_pos
                0x0000062c       0x5a hal/char_lcd/hal_char_lcd.o
                0x0000062c                lcd_send_string_data_pos
 .text.int_to_string
                0x00000686       0x22 hal/char_lcd/hal_char_lcd.o
                0x00000686                int_to_string
 .text.__vector_16
                0x000006a8       0x52 mcal/ADC/adc.o
                0x000006a8                __vector_16
 .text.__vector_1
                0x000006fa       0x52 mcal/EXT_Interrupt/EXTI.o
                0x000006fa                __vector_1
 .text.gpio_pin_direction_initialize
                0x0000074c       0x7c mcal/gpio/mcal_gpio.o
                0x0000074c                gpio_pin_direction_initialize
 .text.gpio_set_pin
                0x000007c8       0x3a mcal/gpio/mcal_gpio.o
                0x000007c8                gpio_set_pin
 .text.gpio_clear_pin
                0x00000802       0x3c mcal/gpio/mcal_gpio.o
                0x00000802                gpio_clear_pin
 .text.gpio_write_pin
                0x0000083e       0x7c mcal/gpio/mcal_gpio.o
                0x0000083e                gpio_write_pin
 .text.__vector_11
                0x000008ba       0x8a mcal/Timers/Timer_0.o
                0x000008ba                __vector_11
 .text.Timer_1_init
                0x00000944       0x26 mcal/Timers/Timer_1.o
                0x00000944                Timer_1_init
 .text.__vector_9
                0x0000096a       0x8a mcal/Timers/Timer_1.o
                0x0000096a                __vector_9
 .text.Timer_1_InputCapture_init
                0x000009f4       0x14 mcal/Timers/Timer_1.o
                0x000009f4                Timer_1_InputCapture_init
 .text.Timer_1_InputCapture_Start
                0x00000a08       0x14 mcal/Timers/Timer_1.o
                0x00000a08                Timer_1_InputCapture_Start
 .text.Timer_1_set_InputCapture_Callback
                0x00000a1c        0xa mcal/Timers/Timer_1.o
                0x00000a1c                Timer_1_set_InputCapture_Callback
 .text.__vector_6
                0x00000a26       0xba mcal/Timers/Timer_1.o
                0x00000a26                __vector_6
 .text.Timer_1_Cap_calculate
                0x00000ae0       0xc0 mcal/Timers/Timer_1.o
                0x00000ae0                Timer_1_Cap_calculate
 .text.avr-libc.fplib
                0x00000ba0        0xa c:/program files (x86)/atmel/studio/7.0/toolchain/avr8/avr8-gnu-toolchain/bin/../lib/gcc/avr/5.4.0/../../../../avr/lib/avr5\libm.a(cmpsf2.o)
                0x00000ba0                __nesf2
                0x00000ba0                __eqsf2
                0x00000ba0                __cmpsf2
                0x00000ba0                __ltsf2
                0x00000ba0                __lesf2
 .text.avr-libc.fplib
                0x00000baa        0x8 c:/program files (x86)/atmel/studio/7.0/toolchain/avr8/avr8-gnu-toolchain/bin/../lib/gcc/avr/5.4.0/../../../../avr/lib/avr5\libm.a(divsf3.o)
                0x00000baa                __divsf3
 .text.avr-libc.fplib
                0x00000bb2       0xdc c:/program files (x86)/atmel/studio/7.0/toolchain/avr8/avr8-gnu-toolchain/bin/../lib/gcc/avr/5.4.0/../../../../avr/lib/avr5\libm.a(divsf3x.o)
                0x00000bd2                __divsf3x
                0x00000bd8                __divsf3_pse
 .text.avr-libc.fplib
                0x00000c8e       0x5e c:/program files (x86)/atmel/studio/7.0/toolchain/avr8/avr8-gnu-toolchain/bin/../lib/gcc/avr/5.4.0/../../../../avr/lib/avr5\libm.a(fixunssfsi.o)
                0x00000c8e                __fixunssfsi
 .text.avr-libc.fplib
                0x00000cec       0x7a c:/program files (x86)/atmel/studio/7.0/toolchain/avr8/avr8-gnu-toolchain/bin/../lib/gcc/avr/5.4.0/../../../../avr/lib/avr5\libm.a(floatsisf.o)
                0x00000cec                __floatunsisf
                0x00000cf0                __floatsisf
 .text.avr-libc.fplib
                0x00000d66       0x48 c:/program files (x86)/atmel/studio/7.0/toolchain/avr8/avr8-gnu-toolchain/bin/../lib/gcc/avr/5.4.0/../../../../avr/lib/avr5\libm.a(fp_cmp.o)
                0x00000d66                __fp_cmp
 .text.avr-libc.fplib
                0x00000dae        0xc c:/program files (x86)/atmel/studio/7.0/toolchain/avr8/avr8-gnu-toolchain/bin/../lib/gcc/avr/5.4.0/../../../../avr/lib/avr5\libm.a(fp_inf.o)
                0x00000dae                __fp_inf
 .text.avr-libc.fplib
                0x00000dba        0x6 c:/program files (x86)/atmel/studio/7.0/toolchain/avr8/avr8-gnu-toolchain/bin/../lib/gcc/avr/5.4.0/../../../../avr/lib/avr5\libm.a(fp_nan.o)
                0x00000dba                __fp_nan
 .text.avr-libc.fplib
                0x00000dc0        0xe c:/program files (x86)/atmel/studio/7.0/toolchain/avr8/avr8-gnu-toolchain/bin/../lib/gcc/avr/5.4.0/../../../../avr/lib/avr5\libm.a(fp_pscA.o)
                0x00000dc0                __fp_pscA
 .text.avr-libc.fplib
                0x00000dce        0xe c:/program files (x86)/atmel/studio/7.0/toolchain/avr8/avr8-gnu-toolchain/bin/../lib/gcc/avr/5.4.0/../../../../avr/lib/avr5\libm.a(fp_pscB.o)
                0x00000dce                __fp_pscB
 .text.avr-libc.fplib
                0x00000ddc       0x22 c:/program files (x86)/atmel/studio/7.0/toolchain/avr8/avr8-gnu-toolchain/bin/../lib/gcc/avr/5.4.0/../../../../avr/lib/avr5\libm.a(fp_round.o)
                0x00000ddc                __fp_round
 .text.avr-libc.fplib
                0x00000dfe       0x44 c:/program files (x86)/atmel/studio/7.0/toolchain/avr8/avr8-gnu-toolchain/bin/../lib/gcc/avr/5.4.0/../../../../avr/lib/avr5\libm.a(fp_split3.o)
                0x00000dfe                __fp_split3
                0x00000e0e                __fp_splitA
 .text.avr-libc.fplib
                0x00000e42        0xe c:/program files (x86)/atmel/studio/7.0/toolchain/avr8/avr8-gnu-toolchain/bin/../lib/gcc/avr/5.4.0/../../../../avr/lib/avr5\libm.a(fp_zero.o)
                0x00000e42                __fp_zero
                0x00000e44                __fp_szero
 .text.avr-libc.fplib
                0x00000e50        0x8 c:/program files (x86)/atmel/studio/7.0/toolchain/avr8/avr8-gnu-toolchain/bin/../lib/gcc/avr/5.4.0/../../../../avr/lib/avr5\libm.a(mulsf3.o)
                0x00000e50                __mulsf3
 .text.avr-libc.fplib
                0x00000e58       0xd2 c:/program files (x86)/atmel/studio/7.0/toolchain/avr8/avr8-gnu-toolchain/bin/../lib/gcc/avr/5.4.0/../../../../avr/lib/avr5\libm.a(mulsf3x.o)
                0x00000e76                __mulsf3x
                0x00000e7c                __mulsf3_pse
 .text.avr-libc
                0x00000f2a       0x44 c:/program files (x86)/atmel/studio/7.0/toolchain/avr8/avr8-gnu-toolchain/bin/../lib/gcc/avr/5.4.0/../../../../avr/lib/avr5\libc.a(sprintf.o)
                0x00000f2a                sprintf
 .text.avr-libc
                0x00000f6e      0x3c2 c:/program files (x86)/atmel/studio/7.0/toolchain/avr8/avr8-gnu-toolchain/bin/../lib/gcc/avr/5.4.0/../../../../avr/lib/avr5\libc.a(vfprintf_std.o)
                0x00000f6e                vfprintf
 .text.avr-libc
                0x00001330       0x16 c:/program files (x86)/atmel/studio/7.0/toolchain/avr8/avr8-gnu-toolchain/bin/../lib/gcc/avr/5.4.0/../../../../avr/lib/avr5\libc.a(strnlen_P.o)
                0x00001330                strnlen_P
 .text.avr-libc
                0x00001346       0x16 c:/program files (x86)/atmel/studio/7.0/toolchain/avr8/avr8-gnu-toolchain/bin/../lib/gcc/avr/5.4.0/../../../../avr/lib/avr5\libc.a(strnlen.o)
                0x00001346                strnlen
 .text.avr-libc
                0x0000135c       0x78 c:/program files (x86)/atmel/studio/7.0/toolchain/avr8/avr8-gnu-toolchain/bin/../lib/gcc/avr/5.4.0/../../../../avr/lib/avr5\libc.a(fputc.o)
                0x0000135c                fputc
 .text.avr-libc
                0x000013d4       0xbc c:/program files (x86)/atmel/studio/7.0/toolchain/avr8/avr8-gnu-toolchain/bin/../lib/gcc/avr/5.4.0/../../../../avr/lib/avr5\libc.a(ultoa_invert.o)
                0x000013d4                __ultoa_invert
 .text.libgcc.prologue
                0x00001490       0x38 c:/program files (x86)/atmel/studio/7.0/toolchain/avr8/avr8-gnu-toolchain/bin/../lib/gcc/avr/5.4.0/avr5\libgcc.a(_prologue.o)
                0x00001490                __prologue_saves__
 .text.libgcc.prologue
                0x000014c8       0x36 c:/program files (x86)/atmel/studio/7.0/toolchain/avr8/avr8-gnu-toolchain/bin/../lib/gcc/avr/5.4.0/avr5\libgcc.a(_epilogue.o)
                0x000014c8                __epilogue_restores__
                0x000014fe                . = ALIGN (0x2)
 *(.fini9)
 .fini9         0x000014fe        0x0 c:/program files (x86)/atmel/studio/7.0/toolchain/avr8/avr8-gnu-toolchain/bin/../lib/gcc/avr/5.4.0/avr5\libgcc.a(_exit.o)
                0x000014fe                _exit
                0x000014fe                exit
 *(.fini9)
 *(.fini8)
 *(.fini8)
 *(.fini7)
 *(.fini7)
 *(.fini6)
 *(.fini6)
 *(.fini5)
 *(.fini5)
 *(.fini4)
 *(.fini4)
 *(.fini3)
 *(.fini3)
 *(.fini2)
 *(.fini2)
 *(.fini1)
 *(.fini1)
 *(.fini0)
 .fini0         0x000014fe        0x4 c:/program files (x86)/atmel/studio/7.0/toolchain/avr8/avr8-gnu-toolchain/bin/../lib/gcc/avr/5.4.0/avr5\libgcc.a(_exit.o)
 *(.fini0)
                0x00001502                _etext = .

.data           0x00800060       0x1a load address 0x00001502
                0x00800060                PROVIDE (__data_start, .)
 *(.data)
 *(.data*)
 .data.btn1     0x00800060        0x1 application.o
                0x00800060                btn1
 .data.lcd1     0x00800061        0x5 application.o
                0x00800061                lcd1
 *(.gnu.linkonce.d*)
 *(.rodata)
 *(.rodata*)
 .rodata.str1.1
                0x00800066        0x3 hal/char_lcd/hal_char_lcd.o
 .rodata.port_register
                0x00800069        0x8 mcal/gpio/mcal_gpio.o
 .rodata.ddr_register
                0x00800071        0x8 mcal/gpio/mcal_gpio.o
 *(.gnu.linkonce.r*)
                0x0080007a                . = ALIGN (0x2)
 *fill*         0x00800079        0x1 
                0x0080007a                _edata = .
                0x0080007a                PROVIDE (__data_end, .)

.bss            0x0080007a       0x25
                0x0080007a                PROVIDE (__bss_start, .)
 *(.bss)
 *(.bss*)
 .bss.freq_messure
                0x0080007a        0x2 application.o
                0x0080007a                freq_messure
 .bss.adc_call_Back
                0x0080007c        0x2 mcal/ADC/adc.o
 .bss.CallBackFunc
                0x0080007e        0x2 mcal/EXT_Interrupt/EXTI.o
                0x0080007e                CallBackFunc
 .bss.Local_u32Counter.2233
                0x00800080        0x2 mcal/Timers/Timer_0.o
 .bss.Timer_0_no_of_overflow
                0x00800082        0x4 mcal/Timers/Timer_0.o
 .bss.Timer_0_OverFlowCallBackPointer
                0x00800086        0x2 mcal/Timers/Timer_0.o
 .bss.local_counter.2248
                0x00800088        0x2 mcal/Timers/Timer_1.o
 .bss.cap_num   0x0080008a        0x1 mcal/Timers/Timer_1.o
                0x0080008a                cap_num
 .bss.capture_freq
                0x0080008b        0x2 mcal/Timers/Timer_1.o
 .bss.capture_clk
                0x0080008d        0x2 mcal/Timers/Timer_1.o
 .bss.Capture_ticks
                0x0080008f        0x2 mcal/Timers/Timer_1.o
 .bss.Cap_edge_2
                0x00800091        0x2 mcal/Timers/Timer_1.o
 .bss.Cap_edge_1
                0x00800093        0x2 mcal/Timers/Timer_1.o
 .bss.Timer_1_number_of_overflow
                0x00800095        0x4 mcal/Timers/Timer_1.o
 .bss.Timer_1_CaptureEventCallBackpointer
                0x00800099        0x2 mcal/Timers/Timer_1.o
 .bss.Timer_1_OverFlowCallBackPointer
                0x0080009b        0x2 mcal/Timers/Timer_1.o
 *(COMMON)
 COMMON         0x0080009d        0x2 application.o
                0x0080009d                freq_measure_str
                0x0080009f                PROVIDE (__bss_end, .)
                0x00001502                __data_load_start = LOADADDR (.data)
                0x0000151c                __data_load_end = (__data_load_start + SIZEOF (.data))

.noinit         0x0080009f        0x0
                [!provide]                PROVIDE (__noinit_start, .)
 *(.noinit*)
                [!provide]                PROVIDE (__noinit_end, .)
                0x0080009f                _end = .
                [!provide]                PROVIDE (__heap_start, .)

.eeprom         0x00810000        0x0
 *(.eeprom*)
                0x00810000                __eeprom_end = .

.fuse
 *(.fuse)
 *(.lfuse)
 *(.hfuse)
 *(.efuse)

.lock
 *(.lock*)

.signature
 *(.signature*)

.user_signatures
 *(.user_signatures*)

.stab
 *(.stab)

.stabstr
 *(.stabstr)

.stab.excl
 *(.stab.excl)

.stab.exclstr
 *(.stab.exclstr)

.stab.index
 *(.stab.index)

.stab.indexstr
 *(.stab.indexstr)

.comment        0x00000000       0x5c
 *(.comment)
 .comment       0x00000000       0x30 application.o
                                 0x31 (size before relaxing)
 .comment       0x00000030       0x31 hal/button/hal_button.o
 .comment       0x00000030       0x31 hal/char_lcd/hal_char_lcd.o
 .comment       0x00000030       0x31 mcal/ADC/adc.o
 .comment       0x00000030       0x31 mcal/EXT_Interrupt/EXTI.o
 .comment       0x00000030       0x31 mcal/gpio/mcal_gpio.o
 .comment       0x00000030       0x31 mcal/Timers/Timer_0.o
 .comment       0x00000030       0x31 mcal/Timers/Timer_1.o
 .comment       0x00000030       0x31 c:/program files (x86)/atmel/studio/7.0/toolchain/avr8/avr8-gnu-toolchain/bin/../lib/gcc/avr/5.4.0/../../../../avr/lib/avr5\libc.a(sprintf.o)
 .comment       0x00000030       0x2c c:/program files (x86)/atmel/studio/7.0/toolchain/avr8/avr8-gnu-toolchain/bin/../lib/gcc/avr/5.4.0/../../../../avr/lib/avr5\libc.a(vfprintf_std.o)
                                 0x2d (size before relaxing)
 .comment       0x0000005c       0x31 c:/program files (x86)/atmel/studio/7.0/toolchain/avr8/avr8-gnu-toolchain/bin/../lib/gcc/avr/5.4.0/../../../../avr/lib/avr5\libc.a(fputc.o)

.note.gnu.avr.deviceinfo
                0x00000000       0x3c
 .note.gnu.avr.deviceinfo
                0x00000000       0x3c C:/Program Files (x86)/Atmel/Studio/7.0/Packs/atmel/ATmega_DFP/1.6.364/gcc/dev/atmega32a/avr5/crtatmega32a.o

.note.gnu.build-id
 *(.note.gnu.build-id)

.debug
 *(.debug)

.line
 *(.line)

.debug_srcinfo
 *(.debug_srcinfo)

.debug_sfnames
 *(.debug_sfnames)

.debug_aranges  0x00000000      0x2f8
 *(.debug_aranges)
 .debug_aranges
                0x00000000       0x30 application.o
 .debug_aranges
                0x00000030       0x28 hal/button/hal_button.o
 .debug_aranges
                0x00000058       0x90 hal/char_lcd/hal_char_lcd.o
 .debug_aranges
                0x000000e8       0x50 mcal/ADC/adc.o
 .debug_aranges
                0x00000138       0x40 mcal/EXT_Interrupt/EXTI.o
 .debug_aranges
                0x00000178       0x88 mcal/gpio/mcal_gpio.o
 .debug_aranges
                0x00000200       0x68 mcal/Timers/Timer_0.o
 .debug_aranges
                0x00000268       0x90 mcal/Timers/Timer_1.o

.debug_pubnames
 *(.debug_pubnames)

.debug_info     0x00000000     0x2c70
 *(.debug_info .gnu.linkonce.wi.*)
 .debug_info    0x00000000      0x4e6 C:/Program Files (x86)/Atmel/Studio/7.0/Packs/atmel/ATmega_DFP/1.6.364/gcc/dev/atmega32a/avr5/crtatmega32a.o
 .debug_info    0x000004e6      0x48b application.o
 .debug_info    0x00000971      0x28a hal/button/hal_button.o
 .debug_info    0x00000bfb     0x10ee hal/char_lcd/hal_char_lcd.o
 .debug_info    0x00001ce9      0x27d mcal/ADC/adc.o
 .debug_info    0x00001f66      0x12f mcal/EXT_Interrupt/EXTI.o
 .debug_info    0x00002095      0x62a mcal/gpio/mcal_gpio.o
 .debug_info    0x000026bf      0x243 mcal/Timers/Timer_0.o
 .debug_info    0x00002902      0x36e mcal/Timers/Timer_1.o

.debug_abbrev   0x00000000      0xe9e
 *(.debug_abbrev)
 .debug_abbrev  0x00000000      0x4a3 C:/Program Files (x86)/Atmel/Studio/7.0/Packs/atmel/ATmega_DFP/1.6.364/gcc/dev/atmega32a/avr5/crtatmega32a.o
 .debug_abbrev  0x000004a3      0x11c application.o
 .debug_abbrev  0x000005bf      0x10a hal/button/hal_button.o
 .debug_abbrev  0x000006c9      0x2aa hal/char_lcd/hal_char_lcd.o
 .debug_abbrev  0x00000973      0x12c mcal/ADC/adc.o
 .debug_abbrev  0x00000a9f       0xb3 mcal/EXT_Interrupt/EXTI.o
 .debug_abbrev  0x00000b52      0x139 mcal/gpio/mcal_gpio.o
 .debug_abbrev  0x00000c8b       0xf4 mcal/Timers/Timer_0.o
 .debug_abbrev  0x00000d7f      0x11f mcal/Timers/Timer_1.o

.debug_line     0x00000000     0x1560
 *(.debug_line .debug_line.* .debug_line_end)
 .debug_line    0x00000000      0x116 C:/Program Files (x86)/Atmel/Studio/7.0/Packs/atmel/ATmega_DFP/1.6.364/gcc/dev/atmega32a/avr5/crtatmega32a.o
 .debug_line    0x00000116      0x14e application.o
 .debug_line    0x00000264      0x14d hal/button/hal_button.o
 .debug_line    0x000003b1      0x62a hal/char_lcd/hal_char_lcd.o
 .debug_line    0x000009db      0x17f mcal/ADC/adc.o
 .debug_line    0x00000b5a      0x136 mcal/EXT_Interrupt/EXTI.o
 .debug_line    0x00000c90      0x3e8 mcal/gpio/mcal_gpio.o
 .debug_line    0x00001078      0x1cc mcal/Timers/Timer_0.o
 .debug_line    0x00001244      0x31c mcal/Timers/Timer_1.o

.debug_frame    0x00000000      0x7c4
 *(.debug_frame)
 .debug_frame   0x00000000       0x44 application.o
 .debug_frame   0x00000044       0x48 hal/button/hal_button.o
 .debug_frame   0x0000008c      0x208 hal/char_lcd/hal_char_lcd.o
 .debug_frame   0x00000294       0xcc mcal/ADC/adc.o
 .debug_frame   0x00000360       0xac mcal/EXT_Interrupt/EXTI.o
 .debug_frame   0x0000040c       0xf4 mcal/gpio/mcal_gpio.o
 .debug_frame   0x00000500      0x110 mcal/Timers/Timer_0.o
 .debug_frame   0x00000610      0x1b4 mcal/Timers/Timer_1.o

.debug_str      0x00000000      0xe50
 *(.debug_str)
 .debug_str     0x00000000      0x196 C:/Program Files (x86)/Atmel/Studio/7.0/Packs/atmel/ATmega_DFP/1.6.364/gcc/dev/atmega32a/avr5/crtatmega32a.o
 .debug_str     0x00000196      0x40b application.o
                                0x466 (size before relaxing)
 .debug_str     0x000005a1       0xad hal/button/hal_button.o
                                0x32b (size before relaxing)
 .debug_str     0x0000064e      0x1b2 hal/char_lcd/hal_char_lcd.o
                                0x4c9 (size before relaxing)
 .debug_str     0x00000800      0x14a mcal/ADC/adc.o
                                0x373 (size before relaxing)
 .debug_str     0x0000094a       0x77 mcal/EXT_Interrupt/EXTI.o
                                0x22a (size before relaxing)
 .debug_str     0x000009c1      0x14c mcal/gpio/mcal_gpio.o
                                0x474 (size before relaxing)
 .debug_str     0x00000b0d      0x19d mcal/Timers/Timer_0.o
                                0x357 (size before relaxing)
 .debug_str     0x00000caa      0x1a6 mcal/Timers/Timer_1.o
                                0x436 (size before relaxing)

.debug_loc      0x00000000     0x2019
 *(.debug_loc)
 .debug_loc     0x00000000      0x1a3 hal/button/hal_button.o
 .debug_loc     0x000001a3     0x1160 hal/char_lcd/hal_char_lcd.o
 .debug_loc     0x00001303      0x182 mcal/ADC/adc.o
 .debug_loc     0x00001485       0xcb mcal/EXT_Interrupt/EXTI.o
 .debug_loc     0x00001550      0x641 mcal/gpio/mcal_gpio.o
 .debug_loc     0x00001b91      0x186 mcal/Timers/Timer_0.o
 .debug_loc     0x00001d17      0x302 mcal/Timers/Timer_1.o

.debug_macinfo
 *(.debug_macinfo)

.debug_weaknames
 *(.debug_weaknames)

.debug_funcnames
 *(.debug_funcnames)

.debug_typenames
 *(.debug_typenames)

.debug_varnames
 *(.debug_varnames)

.debug_pubtypes
 *(.debug_pubtypes)

.debug_ranges   0x00000000      0x278
 *(.debug_ranges)
 .debug_ranges  0x00000000       0x20 application.o
 .debug_ranges  0x00000020       0x18 hal/button/hal_button.o
 .debug_ranges  0x00000038       0x80 hal/char_lcd/hal_char_lcd.o
 .debug_ranges  0x000000b8       0x40 mcal/ADC/adc.o
 .debug_ranges  0x000000f8       0x30 mcal/EXT_Interrupt/EXTI.o
 .debug_ranges  0x00000128       0x78 mcal/gpio/mcal_gpio.o
 .debug_ranges  0x000001a0       0x58 mcal/Timers/Timer_0.o
 .debug_ranges  0x000001f8       0x80 mcal/Timers/Timer_1.o

.debug_macro
 *(.debug_macro)
OUTPUT(EmbeddedFullProject.elf elf32-avr)
LOAD linker stubs
